Archive member included to satisfy reference by file (symbol)

c:\users\adgzlanl\Documents\Atmel Studio\7.0\HCTL2032\HCTL2032\ArduinoCore\Debug\libArduinoCore.a(HardwareSerial.o)
                              Sketch.o (_ZN14HardwareSerial5beginEmh)
c:\users\adgzlanl\Documents\Atmel Studio\7.0\HCTL2032\HCTL2032\ArduinoCore\Debug\libArduinoCore.a(HardwareSerial0.o)
                              Sketch.o (Serial)
c:\users\adgzlanl\Documents\Atmel Studio\7.0\HCTL2032\HCTL2032\ArduinoCore\Debug\libArduinoCore.a(main.o)
                              C:/Program Files (x86)/Atmel/Studio/7.0/Packs/atmel/ATmega_DFP/1.0.98/gcc/dev/atmega2560/avr6/crtatmega2560.o (main)
c:\users\adgzlanl\Documents\Atmel Studio\7.0\HCTL2032\HCTL2032\ArduinoCore\Debug\libArduinoCore.a(Print.o)
                              c:\users\adgzlanl\Documents\Atmel Studio\7.0\HCTL2032\HCTL2032\ArduinoCore\Debug\libArduinoCore.a(HardwareSerial.o) (_ZN5Print5writeEPKhj)
c:\users\adgzlanl\Documents\Atmel Studio\7.0\HCTL2032\HCTL2032\ArduinoCore\Debug\libArduinoCore.a(wiring.o)
                              HCTL2032.o (delayMicroseconds)
c:\users\adgzlanl\Documents\Atmel Studio\7.0\HCTL2032\HCTL2032\ArduinoCore\Debug\libArduinoCore.a(wiring_digital.o)
                              HCTL2032.o (pinMode)
c:\users\adgzlanl\Documents\Atmel Studio\7.0\HCTL2032\HCTL2032\ArduinoCore\Debug\libArduinoCore.a(abi.o)
                              c:\users\adgzlanl\Documents\Atmel Studio\7.0\HCTL2032\HCTL2032\ArduinoCore\Debug\libArduinoCore.a(Print.o) (__cxa_pure_virtual)
c:\users\adgzlanl\Documents\Atmel Studio\7.0\HCTL2032\HCTL2032\ArduinoCore\Debug\libArduinoCore.a(hooks.o)
                              c:\users\adgzlanl\Documents\Atmel Studio\7.0\HCTL2032\HCTL2032\ArduinoCore\Debug\libArduinoCore.a(wiring.o) (yield)
c:/program files (x86)/atmel/studio/7.0/toolchain/avr8/avr8-gnu-toolchain/bin/../lib/gcc/avr/4.9.2/../../../../avr/lib/avr6\libm.a(addsf3.o)
                              c:\users\adgzlanl\Documents\Atmel Studio\7.0\HCTL2032\HCTL2032\ArduinoCore\Debug\libArduinoCore.a(Print.o) (__subsf3)
c:/program files (x86)/atmel/studio/7.0/toolchain/avr8/avr8-gnu-toolchain/bin/../lib/gcc/avr/4.9.2/../../../../avr/lib/avr6\libm.a(addsf3x.o)
                              c:/program files (x86)/atmel/studio/7.0/toolchain/avr8/avr8-gnu-toolchain/bin/../lib/gcc/avr/4.9.2/../../../../avr/lib/avr6\libm.a(addsf3.o) (__addsf3x)
c:/program files (x86)/atmel/studio/7.0/toolchain/avr8/avr8-gnu-toolchain/bin/../lib/gcc/avr/4.9.2/../../../../avr/lib/avr6\libm.a(cmpsf2.o)
                              c:\users\adgzlanl\Documents\Atmel Studio\7.0\HCTL2032\HCTL2032\ArduinoCore\Debug\libArduinoCore.a(Print.o) (__ltsf2)
c:/program files (x86)/atmel/studio/7.0/toolchain/avr8/avr8-gnu-toolchain/bin/../lib/gcc/avr/4.9.2/../../../../avr/lib/avr6\libm.a(divsf3.o)
                              c:\users\adgzlanl\Documents\Atmel Studio\7.0\HCTL2032\HCTL2032\ArduinoCore\Debug\libArduinoCore.a(Print.o) (__divsf3)
c:/program files (x86)/atmel/studio/7.0/toolchain/avr8/avr8-gnu-toolchain/bin/../lib/gcc/avr/4.9.2/../../../../avr/lib/avr6\libm.a(divsf3x.o)
                              c:/program files (x86)/atmel/studio/7.0/toolchain/avr8/avr8-gnu-toolchain/bin/../lib/gcc/avr/4.9.2/../../../../avr/lib/avr6\libm.a(divsf3.o) (__divsf3x)
c:/program files (x86)/atmel/studio/7.0/toolchain/avr8/avr8-gnu-toolchain/bin/../lib/gcc/avr/4.9.2/../../../../avr/lib/avr6\libm.a(fixsfsi.o)
                              c:\users\adgzlanl\Documents\Atmel Studio\7.0\HCTL2032\HCTL2032\ArduinoCore\Debug\libArduinoCore.a(Print.o) (__fixsfsi)
c:/program files (x86)/atmel/studio/7.0/toolchain/avr8/avr8-gnu-toolchain/bin/../lib/gcc/avr/4.9.2/../../../../avr/lib/avr6\libm.a(fixunssfsi.o)
                              c:\users\adgzlanl\Documents\Atmel Studio\7.0\HCTL2032\HCTL2032\ArduinoCore\Debug\libArduinoCore.a(Print.o) (__fixunssfsi)
c:/program files (x86)/atmel/studio/7.0/toolchain/avr8/avr8-gnu-toolchain/bin/../lib/gcc/avr/4.9.2/../../../../avr/lib/avr6\libm.a(floatsisf.o)
                              c:\users\adgzlanl\Documents\Atmel Studio\7.0\HCTL2032\HCTL2032\ArduinoCore\Debug\libArduinoCore.a(Print.o) (__floatunsisf)
c:/program files (x86)/atmel/studio/7.0/toolchain/avr8/avr8-gnu-toolchain/bin/../lib/gcc/avr/4.9.2/../../../../avr/lib/avr6\libm.a(fp_cmp.o)
                              c:/program files (x86)/atmel/studio/7.0/toolchain/avr8/avr8-gnu-toolchain/bin/../lib/gcc/avr/4.9.2/../../../../avr/lib/avr6\libm.a(cmpsf2.o) (__fp_cmp)
c:/program files (x86)/atmel/studio/7.0/toolchain/avr8/avr8-gnu-toolchain/bin/../lib/gcc/avr/4.9.2/../../../../avr/lib/avr6\libm.a(fp_inf.o)
                              c:/program files (x86)/atmel/studio/7.0/toolchain/avr8/avr8-gnu-toolchain/bin/../lib/gcc/avr/4.9.2/../../../../avr/lib/avr6\libm.a(addsf3x.o) (__fp_inf)
c:/program files (x86)/atmel/studio/7.0/toolchain/avr8/avr8-gnu-toolchain/bin/../lib/gcc/avr/4.9.2/../../../../avr/lib/avr6\libm.a(fp_nan.o)
                              c:/program files (x86)/atmel/studio/7.0/toolchain/avr8/avr8-gnu-toolchain/bin/../lib/gcc/avr/4.9.2/../../../../avr/lib/avr6\libm.a(addsf3x.o) (__fp_nan)
c:/program files (x86)/atmel/studio/7.0/toolchain/avr8/avr8-gnu-toolchain/bin/../lib/gcc/avr/4.9.2/../../../../avr/lib/avr6\libm.a(fp_pscA.o)
                              c:/program files (x86)/atmel/studio/7.0/toolchain/avr8/avr8-gnu-toolchain/bin/../lib/gcc/avr/4.9.2/../../../../avr/lib/avr6\libm.a(addsf3x.o) (__fp_pscA)
c:/program files (x86)/atmel/studio/7.0/toolchain/avr8/avr8-gnu-toolchain/bin/../lib/gcc/avr/4.9.2/../../../../avr/lib/avr6\libm.a(fp_pscB.o)
                              c:/program files (x86)/atmel/studio/7.0/toolchain/avr8/avr8-gnu-toolchain/bin/../lib/gcc/avr/4.9.2/../../../../avr/lib/avr6\libm.a(addsf3x.o) (__fp_pscB)
c:/program files (x86)/atmel/studio/7.0/toolchain/avr8/avr8-gnu-toolchain/bin/../lib/gcc/avr/4.9.2/../../../../avr/lib/avr6\libm.a(fp_round.o)
                              c:/program files (x86)/atmel/studio/7.0/toolchain/avr8/avr8-gnu-toolchain/bin/../lib/gcc/avr/4.9.2/../../../../avr/lib/avr6\libm.a(addsf3.o) (__fp_round)
c:/program files (x86)/atmel/studio/7.0/toolchain/avr8/avr8-gnu-toolchain/bin/../lib/gcc/avr/4.9.2/../../../../avr/lib/avr6\libm.a(fp_split3.o)
                              c:/program files (x86)/atmel/studio/7.0/toolchain/avr8/avr8-gnu-toolchain/bin/../lib/gcc/avr/4.9.2/../../../../avr/lib/avr6\libm.a(addsf3x.o) (__fp_split3)
c:/program files (x86)/atmel/studio/7.0/toolchain/avr8/avr8-gnu-toolchain/bin/../lib/gcc/avr/4.9.2/../../../../avr/lib/avr6\libm.a(fp_zero.o)
                              c:/program files (x86)/atmel/studio/7.0/toolchain/avr8/avr8-gnu-toolchain/bin/../lib/gcc/avr/4.9.2/../../../../avr/lib/avr6\libm.a(addsf3x.o) (__fp_zero)
c:/program files (x86)/atmel/studio/7.0/toolchain/avr8/avr8-gnu-toolchain/bin/../lib/gcc/avr/4.9.2/../../../../avr/lib/avr6\libm.a(gesf2.o)
                              c:\users\adgzlanl\Documents\Atmel Studio\7.0\HCTL2032\HCTL2032\ArduinoCore\Debug\libArduinoCore.a(Print.o) (__gtsf2)
c:/program files (x86)/atmel/studio/7.0/toolchain/avr8/avr8-gnu-toolchain/bin/../lib/gcc/avr/4.9.2/../../../../avr/lib/avr6\libm.a(mulsf3.o)
                              c:\users\adgzlanl\Documents\Atmel Studio\7.0\HCTL2032\HCTL2032\ArduinoCore\Debug\libArduinoCore.a(Print.o) (__mulsf3)
c:/program files (x86)/atmel/studio/7.0/toolchain/avr8/avr8-gnu-toolchain/bin/../lib/gcc/avr/4.9.2/../../../../avr/lib/avr6\libm.a(mulsf3x.o)
                              c:/program files (x86)/atmel/studio/7.0/toolchain/avr8/avr8-gnu-toolchain/bin/../lib/gcc/avr/4.9.2/../../../../avr/lib/avr6\libm.a(mulsf3.o) (__mulsf3x)
c:/program files (x86)/atmel/studio/7.0/toolchain/avr8/avr8-gnu-toolchain/bin/../lib/gcc/avr/4.9.2/../../../../avr/lib/avr6\libm.a(unordsf2.o)
                              c:\users\adgzlanl\Documents\Atmel Studio\7.0\HCTL2032\HCTL2032\ArduinoCore\Debug\libArduinoCore.a(Print.o) (__unordsf2)
c:/program files (x86)/atmel/studio/7.0/toolchain/avr8/avr8-gnu-toolchain/bin/../lib/gcc/avr/4.9.2/avr6\libgcc.a(_udivmodsi4.o)
                              c:\users\adgzlanl\Documents\Atmel Studio\7.0\HCTL2032\HCTL2032\ArduinoCore\Debug\libArduinoCore.a(HardwareSerial.o) (__udivmodsi4)
c:/program files (x86)/atmel/studio/7.0/toolchain/avr8/avr8-gnu-toolchain/bin/../lib/gcc/avr/4.9.2/avr6\libgcc.a(_exit.o)
                              C:/Program Files (x86)/Atmel/Studio/7.0/Packs/atmel/ATmega_DFP/1.0.98/gcc/dev/atmega2560/avr6/crtatmega2560.o (exit)
c:/program files (x86)/atmel/studio/7.0/toolchain/avr8/avr8-gnu-toolchain/bin/../lib/gcc/avr/4.9.2/avr6\libgcc.a(_tablejump2.o)
                              c:\users\adgzlanl\Documents\Atmel Studio\7.0\HCTL2032\HCTL2032\ArduinoCore\Debug\libArduinoCore.a(wiring_digital.o) (__tablejump2__)
c:/program files (x86)/atmel/studio/7.0/toolchain/avr8/avr8-gnu-toolchain/bin/../lib/gcc/avr/4.9.2/avr6\libgcc.a(_copy_data.o)
                              Sketch.o (__do_copy_data)
c:/program files (x86)/atmel/studio/7.0/toolchain/avr8/avr8-gnu-toolchain/bin/../lib/gcc/avr/4.9.2/avr6\libgcc.a(_clear_bss.o)
                              Sketch.o (__do_clear_bss)
c:/program files (x86)/atmel/studio/7.0/toolchain/avr8/avr8-gnu-toolchain/bin/../lib/gcc/avr/4.9.2/avr6\libgcc.a(_ctors.o)
                              Sketch.o (__do_global_ctors)
c:/program files (x86)/atmel/studio/7.0/toolchain/avr8/avr8-gnu-toolchain/bin/../lib/gcc/avr/4.9.2/../../../../avr/lib/avr6\libc.a(abort.o)
                              c:\users\adgzlanl\Documents\Atmel Studio\7.0\HCTL2032\HCTL2032\ArduinoCore\Debug\libArduinoCore.a(abi.o) (abort)

Discarded input sections

 .data          0x00000000        0x0 C:/Program Files (x86)/Atmel/Studio/7.0/Packs/atmel/ATmega_DFP/1.0.98/gcc/dev/atmega2560/avr6/crtatmega2560.o
 .bss           0x00000000        0x0 C:/Program Files (x86)/Atmel/Studio/7.0/Packs/atmel/ATmega_DFP/1.0.98/gcc/dev/atmega2560/avr6/crtatmega2560.o
 .text          0x00000000        0x0 HCTL2032.o
 .data          0x00000000        0x0 HCTL2032.o
 .bss           0x00000000        0x0 HCTL2032.o
 .text          0x00000000        0x0 Sketch.o
 .data          0x00000000        0x0 Sketch.o
 .bss           0x00000000        0x0 Sketch.o
 .group         0x00000000        0x8 c:\users\adgzlanl\Documents\Atmel Studio\7.0\HCTL2032\HCTL2032\ArduinoCore\Debug\libArduinoCore.a(HardwareSerial.o)
 .text          0x00000000        0x0 c:\users\adgzlanl\Documents\Atmel Studio\7.0\HCTL2032\HCTL2032\ArduinoCore\Debug\libArduinoCore.a(HardwareSerial.o)
 .data          0x00000000        0x0 c:\users\adgzlanl\Documents\Atmel Studio\7.0\HCTL2032\HCTL2032\ArduinoCore\Debug\libArduinoCore.a(HardwareSerial.o)
 .bss           0x00000000        0x0 c:\users\adgzlanl\Documents\Atmel Studio\7.0\HCTL2032\HCTL2032\ArduinoCore\Debug\libArduinoCore.a(HardwareSerial.o)
 .text._ZN14HardwareSerial3endEv
                0x00000000       0x44 c:\users\adgzlanl\Documents\Atmel Studio\7.0\HCTL2032\HCTL2032\ArduinoCore\Debug\libArduinoCore.a(HardwareSerial.o)
 .text._ZN14HardwareSerial17availableForWriteEv
                0x00000000       0x1e c:\users\adgzlanl\Documents\Atmel Studio\7.0\HCTL2032\HCTL2032\ArduinoCore\Debug\libArduinoCore.a(HardwareSerial.o)
 .text          0x00000000        0x0 c:\users\adgzlanl\Documents\Atmel Studio\7.0\HCTL2032\HCTL2032\ArduinoCore\Debug\libArduinoCore.a(HardwareSerial0.o)
 .data          0x00000000        0x0 c:\users\adgzlanl\Documents\Atmel Studio\7.0\HCTL2032\HCTL2032\ArduinoCore\Debug\libArduinoCore.a(HardwareSerial0.o)
 .bss           0x00000000        0x0 c:\users\adgzlanl\Documents\Atmel Studio\7.0\HCTL2032\HCTL2032\ArduinoCore\Debug\libArduinoCore.a(HardwareSerial0.o)
 .text          0x00000000        0x0 c:\users\adgzlanl\Documents\Atmel Studio\7.0\HCTL2032\HCTL2032\ArduinoCore\Debug\libArduinoCore.a(main.o)
 .data          0x00000000        0x0 c:\users\adgzlanl\Documents\Atmel Studio\7.0\HCTL2032\HCTL2032\ArduinoCore\Debug\libArduinoCore.a(main.o)
 .bss           0x00000000        0x0 c:\users\adgzlanl\Documents\Atmel Studio\7.0\HCTL2032\HCTL2032\ArduinoCore\Debug\libArduinoCore.a(main.o)
 .text.atexit   0x00000000        0x6 c:\users\adgzlanl\Documents\Atmel Studio\7.0\HCTL2032\HCTL2032\ArduinoCore\Debug\libArduinoCore.a(main.o)
 .text._Z8setupUSBv
                0x00000000        0x2 c:\users\adgzlanl\Documents\Atmel Studio\7.0\HCTL2032\HCTL2032\ArduinoCore\Debug\libArduinoCore.a(main.o)
 .group         0x00000000        0x8 c:\users\adgzlanl\Documents\Atmel Studio\7.0\HCTL2032\HCTL2032\ArduinoCore\Debug\libArduinoCore.a(Print.o)
 .group         0x00000000        0x8 c:\users\adgzlanl\Documents\Atmel Studio\7.0\HCTL2032\HCTL2032\ArduinoCore\Debug\libArduinoCore.a(Print.o)
 .text          0x00000000        0x0 c:\users\adgzlanl\Documents\Atmel Studio\7.0\HCTL2032\HCTL2032\ArduinoCore\Debug\libArduinoCore.a(Print.o)
 .data          0x00000000        0x0 c:\users\adgzlanl\Documents\Atmel Studio\7.0\HCTL2032\HCTL2032\ArduinoCore\Debug\libArduinoCore.a(Print.o)
 .bss           0x00000000        0x0 c:\users\adgzlanl\Documents\Atmel Studio\7.0\HCTL2032\HCTL2032\ArduinoCore\Debug\libArduinoCore.a(Print.o)
 .text._ZN5Print5printEPK19__FlashStringHelper
                0x00000000       0x48 c:\users\adgzlanl\Documents\Atmel Studio\7.0\HCTL2032\HCTL2032\ArduinoCore\Debug\libArduinoCore.a(Print.o)
 .text._ZN5Print5printERK6String
                0x00000000       0x1c c:\users\adgzlanl\Documents\Atmel Studio\7.0\HCTL2032\HCTL2032\ArduinoCore\Debug\libArduinoCore.a(Print.o)
 .text._ZN5Print5printERK9Printable
                0x00000000       0x14 c:\users\adgzlanl\Documents\Atmel Studio\7.0\HCTL2032\HCTL2032\ArduinoCore\Debug\libArduinoCore.a(Print.o)
 .text._ZN5Print7printlnEPK19__FlashStringHelper
                0x00000000       0x24 c:\users\adgzlanl\Documents\Atmel Studio\7.0\HCTL2032\HCTL2032\ArduinoCore\Debug\libArduinoCore.a(Print.o)
 .text._ZN5Print7printlnERK6String
                0x00000000       0x24 c:\users\adgzlanl\Documents\Atmel Studio\7.0\HCTL2032\HCTL2032\ArduinoCore\Debug\libArduinoCore.a(Print.o)
 .text._ZN5Print7printlnEPKc
                0x00000000       0x24 c:\users\adgzlanl\Documents\Atmel Studio\7.0\HCTL2032\HCTL2032\ArduinoCore\Debug\libArduinoCore.a(Print.o)
 .text._ZN5Print7printlnEc
                0x00000000       0x24 c:\users\adgzlanl\Documents\Atmel Studio\7.0\HCTL2032\HCTL2032\ArduinoCore\Debug\libArduinoCore.a(Print.o)
 .text._ZN5Print7printlnERK9Printable
                0x00000000       0x24 c:\users\adgzlanl\Documents\Atmel Studio\7.0\HCTL2032\HCTL2032\ArduinoCore\Debug\libArduinoCore.a(Print.o)
 .text._ZN5Print5printEii
                0x00000000        0xe c:\users\adgzlanl\Documents\Atmel Studio\7.0\HCTL2032\HCTL2032\ArduinoCore\Debug\libArduinoCore.a(Print.o)
 .text._ZN5Print7printlnEii
                0x00000000       0x2e c:\users\adgzlanl\Documents\Atmel Studio\7.0\HCTL2032\HCTL2032\ArduinoCore\Debug\libArduinoCore.a(Print.o)
 .text._ZN5Print7printlnEli
                0x00000000       0x24 c:\users\adgzlanl\Documents\Atmel Studio\7.0\HCTL2032\HCTL2032\ArduinoCore\Debug\libArduinoCore.a(Print.o)
 .text._ZN5Print5printEmi
                0x00000000       0x1a c:\users\adgzlanl\Documents\Atmel Studio\7.0\HCTL2032\HCTL2032\ArduinoCore\Debug\libArduinoCore.a(Print.o)
 .text._ZN5Print5printEhi
                0x00000000        0xe c:\users\adgzlanl\Documents\Atmel Studio\7.0\HCTL2032\HCTL2032\ArduinoCore\Debug\libArduinoCore.a(Print.o)
 .text._ZN5Print7printlnEhi
                0x00000000       0x2e c:\users\adgzlanl\Documents\Atmel Studio\7.0\HCTL2032\HCTL2032\ArduinoCore\Debug\libArduinoCore.a(Print.o)
 .text._ZN5Print5printEji
                0x00000000        0xc c:\users\adgzlanl\Documents\Atmel Studio\7.0\HCTL2032\HCTL2032\ArduinoCore\Debug\libArduinoCore.a(Print.o)
 .text._ZN5Print7printlnEji
                0x00000000       0x2c c:\users\adgzlanl\Documents\Atmel Studio\7.0\HCTL2032\HCTL2032\ArduinoCore\Debug\libArduinoCore.a(Print.o)
 .text._ZN5Print7printlnEmi
                0x00000000       0x24 c:\users\adgzlanl\Documents\Atmel Studio\7.0\HCTL2032\HCTL2032\ArduinoCore\Debug\libArduinoCore.a(Print.o)
 .text._ZN5Print10printFloatEdh
                0x00000000      0x1ca c:\users\adgzlanl\Documents\Atmel Studio\7.0\HCTL2032\HCTL2032\ArduinoCore\Debug\libArduinoCore.a(Print.o)
 .text._ZN5Print5printEdi
                0x00000000        0x4 c:\users\adgzlanl\Documents\Atmel Studio\7.0\HCTL2032\HCTL2032\ArduinoCore\Debug\libArduinoCore.a(Print.o)
 .text._ZN5Print7printlnEdi
                0x00000000       0x24 c:\users\adgzlanl\Documents\Atmel Studio\7.0\HCTL2032\HCTL2032\ArduinoCore\Debug\libArduinoCore.a(Print.o)
 .rodata._ZTV5Print
                0x00000000        0x8 c:\users\adgzlanl\Documents\Atmel Studio\7.0\HCTL2032\HCTL2032\ArduinoCore\Debug\libArduinoCore.a(Print.o)
 .text          0x00000000        0x0 c:\users\adgzlanl\Documents\Atmel Studio\7.0\HCTL2032\HCTL2032\ArduinoCore\Debug\libArduinoCore.a(wiring.o)
 .data          0x00000000        0x0 c:\users\adgzlanl\Documents\Atmel Studio\7.0\HCTL2032\HCTL2032\ArduinoCore\Debug\libArduinoCore.a(wiring.o)
 .bss           0x00000000        0x0 c:\users\adgzlanl\Documents\Atmel Studio\7.0\HCTL2032\HCTL2032\ArduinoCore\Debug\libArduinoCore.a(wiring.o)
 .text.millis   0x00000000       0x18 c:\users\adgzlanl\Documents\Atmel Studio\7.0\HCTL2032\HCTL2032\ArduinoCore\Debug\libArduinoCore.a(wiring.o)
 .text.micros   0x00000000       0x4a c:\users\adgzlanl\Documents\Atmel Studio\7.0\HCTL2032\HCTL2032\ArduinoCore\Debug\libArduinoCore.a(wiring.o)
 .text.delay    0x00000000       0x78 c:\users\adgzlanl\Documents\Atmel Studio\7.0\HCTL2032\HCTL2032\ArduinoCore\Debug\libArduinoCore.a(wiring.o)
 .text          0x00000000        0x0 c:\users\adgzlanl\Documents\Atmel Studio\7.0\HCTL2032\HCTL2032\ArduinoCore\Debug\libArduinoCore.a(wiring_digital.o)
 .data          0x00000000        0x0 c:\users\adgzlanl\Documents\Atmel Studio\7.0\HCTL2032\HCTL2032\ArduinoCore\Debug\libArduinoCore.a(wiring_digital.o)
 .bss           0x00000000        0x0 c:\users\adgzlanl\Documents\Atmel Studio\7.0\HCTL2032\HCTL2032\ArduinoCore\Debug\libArduinoCore.a(wiring_digital.o)
 .text          0x00000000        0x0 c:\users\adgzlanl\Documents\Atmel Studio\7.0\HCTL2032\HCTL2032\ArduinoCore\Debug\libArduinoCore.a(abi.o)
 .data          0x00000000        0x0 c:\users\adgzlanl\Documents\Atmel Studio\7.0\HCTL2032\HCTL2032\ArduinoCore\Debug\libArduinoCore.a(abi.o)
 .bss           0x00000000        0x0 c:\users\adgzlanl\Documents\Atmel Studio\7.0\HCTL2032\HCTL2032\ArduinoCore\Debug\libArduinoCore.a(abi.o)
 .text.__cxa_pure_virtual
                0x00000000        0x4 c:\users\adgzlanl\Documents\Atmel Studio\7.0\HCTL2032\HCTL2032\ArduinoCore\Debug\libArduinoCore.a(abi.o)
 .text.__cxa_deleted_virtual
                0x00000000        0x4 c:\users\adgzlanl\Documents\Atmel Studio\7.0\HCTL2032\HCTL2032\ArduinoCore\Debug\libArduinoCore.a(abi.o)
 .debug_info    0x00000000       0x8e c:\users\adgzlanl\Documents\Atmel Studio\7.0\HCTL2032\HCTL2032\ArduinoCore\Debug\libArduinoCore.a(abi.o)
 .debug_abbrev  0x00000000       0x5e c:\users\adgzlanl\Documents\Atmel Studio\7.0\HCTL2032\HCTL2032\ArduinoCore\Debug\libArduinoCore.a(abi.o)
 .debug_aranges
                0x00000000       0x28 c:\users\adgzlanl\Documents\Atmel Studio\7.0\HCTL2032\HCTL2032\ArduinoCore\Debug\libArduinoCore.a(abi.o)
 .debug_ranges  0x00000000       0x18 c:\users\adgzlanl\Documents\Atmel Studio\7.0\HCTL2032\HCTL2032\ArduinoCore\Debug\libArduinoCore.a(abi.o)
 .debug_line    0x00000000       0xbf c:\users\adgzlanl\Documents\Atmel Studio\7.0\HCTL2032\HCTL2032\ArduinoCore\Debug\libArduinoCore.a(abi.o)
 .debug_str     0x00000000      0x1a6 c:\users\adgzlanl\Documents\Atmel Studio\7.0\HCTL2032\HCTL2032\ArduinoCore\Debug\libArduinoCore.a(abi.o)
 .comment       0x00000000       0x31 c:\users\adgzlanl\Documents\Atmel Studio\7.0\HCTL2032\HCTL2032\ArduinoCore\Debug\libArduinoCore.a(abi.o)
 .debug_frame   0x00000000       0x34 c:\users\adgzlanl\Documents\Atmel Studio\7.0\HCTL2032\HCTL2032\ArduinoCore\Debug\libArduinoCore.a(abi.o)
 .text          0x00000000        0x0 c:\users\adgzlanl\Documents\Atmel Studio\7.0\HCTL2032\HCTL2032\ArduinoCore\Debug\libArduinoCore.a(hooks.o)
 .data          0x00000000        0x0 c:\users\adgzlanl\Documents\Atmel Studio\7.0\HCTL2032\HCTL2032\ArduinoCore\Debug\libArduinoCore.a(hooks.o)
 .bss           0x00000000        0x0 c:\users\adgzlanl\Documents\Atmel Studio\7.0\HCTL2032\HCTL2032\ArduinoCore\Debug\libArduinoCore.a(hooks.o)
 .text.__empty  0x00000000        0x2 c:\users\adgzlanl\Documents\Atmel Studio\7.0\HCTL2032\HCTL2032\ArduinoCore\Debug\libArduinoCore.a(hooks.o)
 .debug_info    0x00000000       0x3e c:\users\adgzlanl\Documents\Atmel Studio\7.0\HCTL2032\HCTL2032\ArduinoCore\Debug\libArduinoCore.a(hooks.o)
 .debug_abbrev  0x00000000       0x2a c:\users\adgzlanl\Documents\Atmel Studio\7.0\HCTL2032\HCTL2032\ArduinoCore\Debug\libArduinoCore.a(hooks.o)
 .debug_aranges
                0x00000000       0x20 c:\users\adgzlanl\Documents\Atmel Studio\7.0\HCTL2032\HCTL2032\ArduinoCore\Debug\libArduinoCore.a(hooks.o)
 .debug_ranges  0x00000000       0x10 c:\users\adgzlanl\Documents\Atmel Studio\7.0\HCTL2032\HCTL2032\ArduinoCore\Debug\libArduinoCore.a(hooks.o)
 .debug_line    0x00000000       0x41 c:\users\adgzlanl\Documents\Atmel Studio\7.0\HCTL2032\HCTL2032\ArduinoCore\Debug\libArduinoCore.a(hooks.o)
 .debug_str     0x00000000      0x136 c:\users\adgzlanl\Documents\Atmel Studio\7.0\HCTL2032\HCTL2032\ArduinoCore\Debug\libArduinoCore.a(hooks.o)
 .comment       0x00000000       0x31 c:\users\adgzlanl\Documents\Atmel Studio\7.0\HCTL2032\HCTL2032\ArduinoCore\Debug\libArduinoCore.a(hooks.o)
 .debug_frame   0x00000000       0x24 c:\users\adgzlanl\Documents\Atmel Studio\7.0\HCTL2032\HCTL2032\ArduinoCore\Debug\libArduinoCore.a(hooks.o)
 .text          0x00000000        0x0 c:/program files (x86)/atmel/studio/7.0/toolchain/avr8/avr8-gnu-toolchain/bin/../lib/gcc/avr/4.9.2/../../../../avr/lib/avr6\libm.a(addsf3.o)
 .data          0x00000000        0x0 c:/program files (x86)/atmel/studio/7.0/toolchain/avr8/avr8-gnu-toolchain/bin/../lib/gcc/avr/4.9.2/../../../../avr/lib/avr6\libm.a(addsf3.o)
 .bss           0x00000000        0x0 c:/program files (x86)/atmel/studio/7.0/toolchain/avr8/avr8-gnu-toolchain/bin/../lib/gcc/avr/4.9.2/../../../../avr/lib/avr6\libm.a(addsf3.o)
 .text.avr-libc.fplib
                0x00000000        0xe c:/program files (x86)/atmel/studio/7.0/toolchain/avr8/avr8-gnu-toolchain/bin/../lib/gcc/avr/4.9.2/../../../../avr/lib/avr6\libm.a(addsf3.o)
 .text          0x00000000        0x0 c:/program files (x86)/atmel/studio/7.0/toolchain/avr8/avr8-gnu-toolchain/bin/../lib/gcc/avr/4.9.2/../../../../avr/lib/avr6\libm.a(addsf3x.o)
 .data          0x00000000        0x0 c:/program files (x86)/atmel/studio/7.0/toolchain/avr8/avr8-gnu-toolchain/bin/../lib/gcc/avr/4.9.2/../../../../avr/lib/avr6\libm.a(addsf3x.o)
 .bss           0x00000000        0x0 c:/program files (x86)/atmel/studio/7.0/toolchain/avr8/avr8-gnu-toolchain/bin/../lib/gcc/avr/4.9.2/../../../../avr/lib/avr6\libm.a(addsf3x.o)
 .text.avr-libc.fplib
                0x00000000       0xcc c:/program files (x86)/atmel/studio/7.0/toolchain/avr8/avr8-gnu-toolchain/bin/../lib/gcc/avr/4.9.2/../../../../avr/lib/avr6\libm.a(addsf3x.o)
 .text          0x00000000        0x0 c:/program files (x86)/atmel/studio/7.0/toolchain/avr8/avr8-gnu-toolchain/bin/../lib/gcc/avr/4.9.2/../../../../avr/lib/avr6\libm.a(cmpsf2.o)
 .data          0x00000000        0x0 c:/program files (x86)/atmel/studio/7.0/toolchain/avr8/avr8-gnu-toolchain/bin/../lib/gcc/avr/4.9.2/../../../../avr/lib/avr6\libm.a(cmpsf2.o)
 .bss           0x00000000        0x0 c:/program files (x86)/atmel/studio/7.0/toolchain/avr8/avr8-gnu-toolchain/bin/../lib/gcc/avr/4.9.2/../../../../avr/lib/avr6\libm.a(cmpsf2.o)
 .text.avr-libc.fplib
                0x00000000        0xa c:/program files (x86)/atmel/studio/7.0/toolchain/avr8/avr8-gnu-toolchain/bin/../lib/gcc/avr/4.9.2/../../../../avr/lib/avr6\libm.a(cmpsf2.o)
 .text          0x00000000        0x0 c:/program files (x86)/atmel/studio/7.0/toolchain/avr8/avr8-gnu-toolchain/bin/../lib/gcc/avr/4.9.2/../../../../avr/lib/avr6\libm.a(divsf3.o)
 .data          0x00000000        0x0 c:/program files (x86)/atmel/studio/7.0/toolchain/avr8/avr8-gnu-toolchain/bin/../lib/gcc/avr/4.9.2/../../../../avr/lib/avr6\libm.a(divsf3.o)
 .bss           0x00000000        0x0 c:/program files (x86)/atmel/studio/7.0/toolchain/avr8/avr8-gnu-toolchain/bin/../lib/gcc/avr/4.9.2/../../../../avr/lib/avr6\libm.a(divsf3.o)
 .text.avr-libc.fplib
                0x00000000        0x8 c:/program files (x86)/atmel/studio/7.0/toolchain/avr8/avr8-gnu-toolchain/bin/../lib/gcc/avr/4.9.2/../../../../avr/lib/avr6\libm.a(divsf3.o)
 .text          0x00000000        0x0 c:/program files (x86)/atmel/studio/7.0/toolchain/avr8/avr8-gnu-toolchain/bin/../lib/gcc/avr/4.9.2/../../../../avr/lib/avr6\libm.a(divsf3x.o)
 .data          0x00000000        0x0 c:/program files (x86)/atmel/studio/7.0/toolchain/avr8/avr8-gnu-toolchain/bin/../lib/gcc/avr/4.9.2/../../../../avr/lib/avr6\libm.a(divsf3x.o)
 .bss           0x00000000        0x0 c:/program files (x86)/atmel/studio/7.0/toolchain/avr8/avr8-gnu-toolchain/bin/../lib/gcc/avr/4.9.2/../../../../avr/lib/avr6\libm.a(divsf3x.o)
 .text.avr-libc.fplib
                0x00000000       0xdc c:/program files (x86)/atmel/studio/7.0/toolchain/avr8/avr8-gnu-toolchain/bin/../lib/gcc/avr/4.9.2/../../../../avr/lib/avr6\libm.a(divsf3x.o)
 .text          0x00000000        0x0 c:/program files (x86)/atmel/studio/7.0/toolchain/avr8/avr8-gnu-toolchain/bin/../lib/gcc/avr/4.9.2/../../../../avr/lib/avr6\libm.a(fixsfsi.o)
 .data          0x00000000        0x0 c:/program files (x86)/atmel/studio/7.0/toolchain/avr8/avr8-gnu-toolchain/bin/../lib/gcc/avr/4.9.2/../../../../avr/lib/avr6\libm.a(fixsfsi.o)
 .bss           0x00000000        0x0 c:/program files (x86)/atmel/studio/7.0/toolchain/avr8/avr8-gnu-toolchain/bin/../lib/gcc/avr/4.9.2/../../../../avr/lib/avr6\libm.a(fixsfsi.o)
 .text.avr-libc.fplib
                0x00000000        0xe c:/program files (x86)/atmel/studio/7.0/toolchain/avr8/avr8-gnu-toolchain/bin/../lib/gcc/avr/4.9.2/../../../../avr/lib/avr6\libm.a(fixsfsi.o)
 .text          0x00000000        0x0 c:/program files (x86)/atmel/studio/7.0/toolchain/avr8/avr8-gnu-toolchain/bin/../lib/gcc/avr/4.9.2/../../../../avr/lib/avr6\libm.a(fixunssfsi.o)
 .data          0x00000000        0x0 c:/program files (x86)/atmel/studio/7.0/toolchain/avr8/avr8-gnu-toolchain/bin/../lib/gcc/avr/4.9.2/../../../../avr/lib/avr6\libm.a(fixunssfsi.o)
 .bss           0x00000000        0x0 c:/program files (x86)/atmel/studio/7.0/toolchain/avr8/avr8-gnu-toolchain/bin/../lib/gcc/avr/4.9.2/../../../../avr/lib/avr6\libm.a(fixunssfsi.o)
 .text.avr-libc.fplib
                0x00000000       0x5e c:/program files (x86)/atmel/studio/7.0/toolchain/avr8/avr8-gnu-toolchain/bin/../lib/gcc/avr/4.9.2/../../../../avr/lib/avr6\libm.a(fixunssfsi.o)
 .text          0x00000000        0x0 c:/program files (x86)/atmel/studio/7.0/toolchain/avr8/avr8-gnu-toolchain/bin/../lib/gcc/avr/4.9.2/../../../../avr/lib/avr6\libm.a(floatsisf.o)
 .data          0x00000000        0x0 c:/program files (x86)/atmel/studio/7.0/toolchain/avr8/avr8-gnu-toolchain/bin/../lib/gcc/avr/4.9.2/../../../../avr/lib/avr6\libm.a(floatsisf.o)
 .bss           0x00000000        0x0 c:/program files (x86)/atmel/studio/7.0/toolchain/avr8/avr8-gnu-toolchain/bin/../lib/gcc/avr/4.9.2/../../../../avr/lib/avr6\libm.a(floatsisf.o)
 .text.avr-libc.fplib
                0x00000000       0x7a c:/program files (x86)/atmel/studio/7.0/toolchain/avr8/avr8-gnu-toolchain/bin/../lib/gcc/avr/4.9.2/../../../../avr/lib/avr6\libm.a(floatsisf.o)
 .text          0x00000000        0x0 c:/program files (x86)/atmel/studio/7.0/toolchain/avr8/avr8-gnu-toolchain/bin/../lib/gcc/avr/4.9.2/../../../../avr/lib/avr6\libm.a(fp_cmp.o)
 .data          0x00000000        0x0 c:/program files (x86)/atmel/studio/7.0/toolchain/avr8/avr8-gnu-toolchain/bin/../lib/gcc/avr/4.9.2/../../../../avr/lib/avr6\libm.a(fp_cmp.o)
 .bss           0x00000000        0x0 c:/program files (x86)/atmel/studio/7.0/toolchain/avr8/avr8-gnu-toolchain/bin/../lib/gcc/avr/4.9.2/../../../../avr/lib/avr6\libm.a(fp_cmp.o)
 .text.avr-libc.fplib
                0x00000000       0x48 c:/program files (x86)/atmel/studio/7.0/toolchain/avr8/avr8-gnu-toolchain/bin/../lib/gcc/avr/4.9.2/../../../../avr/lib/avr6\libm.a(fp_cmp.o)
 .text          0x00000000        0x0 c:/program files (x86)/atmel/studio/7.0/toolchain/avr8/avr8-gnu-toolchain/bin/../lib/gcc/avr/4.9.2/../../../../avr/lib/avr6\libm.a(fp_inf.o)
 .data          0x00000000        0x0 c:/program files (x86)/atmel/studio/7.0/toolchain/avr8/avr8-gnu-toolchain/bin/../lib/gcc/avr/4.9.2/../../../../avr/lib/avr6\libm.a(fp_inf.o)
 .bss           0x00000000        0x0 c:/program files (x86)/atmel/studio/7.0/toolchain/avr8/avr8-gnu-toolchain/bin/../lib/gcc/avr/4.9.2/../../../../avr/lib/avr6\libm.a(fp_inf.o)
 .text.avr-libc.fplib
                0x00000000        0xc c:/program files (x86)/atmel/studio/7.0/toolchain/avr8/avr8-gnu-toolchain/bin/../lib/gcc/avr/4.9.2/../../../../avr/lib/avr6\libm.a(fp_inf.o)
 .text          0x00000000        0x0 c:/program files (x86)/atmel/studio/7.0/toolchain/avr8/avr8-gnu-toolchain/bin/../lib/gcc/avr/4.9.2/../../../../avr/lib/avr6\libm.a(fp_nan.o)
 .data          0x00000000        0x0 c:/program files (x86)/atmel/studio/7.0/toolchain/avr8/avr8-gnu-toolchain/bin/../lib/gcc/avr/4.9.2/../../../../avr/lib/avr6\libm.a(fp_nan.o)
 .bss           0x00000000        0x0 c:/program files (x86)/atmel/studio/7.0/toolchain/avr8/avr8-gnu-toolchain/bin/../lib/gcc/avr/4.9.2/../../../../avr/lib/avr6\libm.a(fp_nan.o)
 .text.avr-libc.fplib
                0x00000000        0x6 c:/program files (x86)/atmel/studio/7.0/toolchain/avr8/avr8-gnu-toolchain/bin/../lib/gcc/avr/4.9.2/../../../../avr/lib/avr6\libm.a(fp_nan.o)
 .text          0x00000000        0x0 c:/program files (x86)/atmel/studio/7.0/toolchain/avr8/avr8-gnu-toolchain/bin/../lib/gcc/avr/4.9.2/../../../../avr/lib/avr6\libm.a(fp_pscA.o)
 .data          0x00000000        0x0 c:/program files (x86)/atmel/studio/7.0/toolchain/avr8/avr8-gnu-toolchain/bin/../lib/gcc/avr/4.9.2/../../../../avr/lib/avr6\libm.a(fp_pscA.o)
 .bss           0x00000000        0x0 c:/program files (x86)/atmel/studio/7.0/toolchain/avr8/avr8-gnu-toolchain/bin/../lib/gcc/avr/4.9.2/../../../../avr/lib/avr6\libm.a(fp_pscA.o)
 .text.avr-libc.fplib
                0x00000000        0xe c:/program files (x86)/atmel/studio/7.0/toolchain/avr8/avr8-gnu-toolchain/bin/../lib/gcc/avr/4.9.2/../../../../avr/lib/avr6\libm.a(fp_pscA.o)
 .text          0x00000000        0x0 c:/program files (x86)/atmel/studio/7.0/toolchain/avr8/avr8-gnu-toolchain/bin/../lib/gcc/avr/4.9.2/../../../../avr/lib/avr6\libm.a(fp_pscB.o)
 .data          0x00000000        0x0 c:/program files (x86)/atmel/studio/7.0/toolchain/avr8/avr8-gnu-toolchain/bin/../lib/gcc/avr/4.9.2/../../../../avr/lib/avr6\libm.a(fp_pscB.o)
 .bss           0x00000000        0x0 c:/program files (x86)/atmel/studio/7.0/toolchain/avr8/avr8-gnu-toolchain/bin/../lib/gcc/avr/4.9.2/../../../../avr/lib/avr6\libm.a(fp_pscB.o)
 .text.avr-libc.fplib
                0x00000000        0xe c:/program files (x86)/atmel/studio/7.0/toolchain/avr8/avr8-gnu-toolchain/bin/../lib/gcc/avr/4.9.2/../../../../avr/lib/avr6\libm.a(fp_pscB.o)
 .text          0x00000000        0x0 c:/program files (x86)/atmel/studio/7.0/toolchain/avr8/avr8-gnu-toolchain/bin/../lib/gcc/avr/4.9.2/../../../../avr/lib/avr6\libm.a(fp_round.o)
 .data          0x00000000        0x0 c:/program files (x86)/atmel/studio/7.0/toolchain/avr8/avr8-gnu-toolchain/bin/../lib/gcc/avr/4.9.2/../../../../avr/lib/avr6\libm.a(fp_round.o)
 .bss           0x00000000        0x0 c:/program files (x86)/atmel/studio/7.0/toolchain/avr8/avr8-gnu-toolchain/bin/../lib/gcc/avr/4.9.2/../../../../avr/lib/avr6\libm.a(fp_round.o)
 .text.avr-libc.fplib
                0x00000000       0x22 c:/program files (x86)/atmel/studio/7.0/toolchain/avr8/avr8-gnu-toolchain/bin/../lib/gcc/avr/4.9.2/../../../../avr/lib/avr6\libm.a(fp_round.o)
 .text          0x00000000        0x0 c:/program files (x86)/atmel/studio/7.0/toolchain/avr8/avr8-gnu-toolchain/bin/../lib/gcc/avr/4.9.2/../../../../avr/lib/avr6\libm.a(fp_split3.o)
 .data          0x00000000        0x0 c:/program files (x86)/atmel/studio/7.0/toolchain/avr8/avr8-gnu-toolchain/bin/../lib/gcc/avr/4.9.2/../../../../avr/lib/avr6\libm.a(fp_split3.o)
 .bss           0x00000000        0x0 c:/program files (x86)/atmel/studio/7.0/toolchain/avr8/avr8-gnu-toolchain/bin/../lib/gcc/avr/4.9.2/../../../../avr/lib/avr6\libm.a(fp_split3.o)
 .text.avr-libc.fplib
                0x00000000       0x44 c:/program files (x86)/atmel/studio/7.0/toolchain/avr8/avr8-gnu-toolchain/bin/../lib/gcc/avr/4.9.2/../../../../avr/lib/avr6\libm.a(fp_split3.o)
 .text          0x00000000        0x0 c:/program files (x86)/atmel/studio/7.0/toolchain/avr8/avr8-gnu-toolchain/bin/../lib/gcc/avr/4.9.2/../../../../avr/lib/avr6\libm.a(fp_zero.o)
 .data          0x00000000        0x0 c:/program files (x86)/atmel/studio/7.0/toolchain/avr8/avr8-gnu-toolchain/bin/../lib/gcc/avr/4.9.2/../../../../avr/lib/avr6\libm.a(fp_zero.o)
 .bss           0x00000000        0x0 c:/program files (x86)/atmel/studio/7.0/toolchain/avr8/avr8-gnu-toolchain/bin/../lib/gcc/avr/4.9.2/../../../../avr/lib/avr6\libm.a(fp_zero.o)
 .text.avr-libc.fplib
                0x00000000        0xe c:/program files (x86)/atmel/studio/7.0/toolchain/avr8/avr8-gnu-toolchain/bin/../lib/gcc/avr/4.9.2/../../../../avr/lib/avr6\libm.a(fp_zero.o)
 .text          0x00000000        0x0 c:/program files (x86)/atmel/studio/7.0/toolchain/avr8/avr8-gnu-toolchain/bin/../lib/gcc/avr/4.9.2/../../../../avr/lib/avr6\libm.a(gesf2.o)
 .data          0x00000000        0x0 c:/program files (x86)/atmel/studio/7.0/toolchain/avr8/avr8-gnu-toolchain/bin/../lib/gcc/avr/4.9.2/../../../../avr/lib/avr6\libm.a(gesf2.o)
 .bss           0x00000000        0x0 c:/program files (x86)/atmel/studio/7.0/toolchain/avr8/avr8-gnu-toolchain/bin/../lib/gcc/avr/4.9.2/../../../../avr/lib/avr6\libm.a(gesf2.o)
 .text.avr-libc.fplib
                0x00000000        0xa c:/program files (x86)/atmel/studio/7.0/toolchain/avr8/avr8-gnu-toolchain/bin/../lib/gcc/avr/4.9.2/../../../../avr/lib/avr6\libm.a(gesf2.o)
 .text          0x00000000        0x0 c:/program files (x86)/atmel/studio/7.0/toolchain/avr8/avr8-gnu-toolchain/bin/../lib/gcc/avr/4.9.2/../../../../avr/lib/avr6\libm.a(mulsf3.o)
 .data          0x00000000        0x0 c:/program files (x86)/atmel/studio/7.0/toolchain/avr8/avr8-gnu-toolchain/bin/../lib/gcc/avr/4.9.2/../../../../avr/lib/avr6\libm.a(mulsf3.o)
 .bss           0x00000000        0x0 c:/program files (x86)/atmel/studio/7.0/toolchain/avr8/avr8-gnu-toolchain/bin/../lib/gcc/avr/4.9.2/../../../../avr/lib/avr6\libm.a(mulsf3.o)
 .text.avr-libc.fplib
                0x00000000        0x8 c:/program files (x86)/atmel/studio/7.0/toolchain/avr8/avr8-gnu-toolchain/bin/../lib/gcc/avr/4.9.2/../../../../avr/lib/avr6\libm.a(mulsf3.o)
 .text          0x00000000        0x0 c:/program files (x86)/atmel/studio/7.0/toolchain/avr8/avr8-gnu-toolchain/bin/../lib/gcc/avr/4.9.2/../../../../avr/lib/avr6\libm.a(mulsf3x.o)
 .data          0x00000000        0x0 c:/program files (x86)/atmel/studio/7.0/toolchain/avr8/avr8-gnu-toolchain/bin/../lib/gcc/avr/4.9.2/../../../../avr/lib/avr6\libm.a(mulsf3x.o)
 .bss           0x00000000        0x0 c:/program files (x86)/atmel/studio/7.0/toolchain/avr8/avr8-gnu-toolchain/bin/../lib/gcc/avr/4.9.2/../../../../avr/lib/avr6\libm.a(mulsf3x.o)
 .text.avr-libc.fplib
                0x00000000       0xd2 c:/program files (x86)/atmel/studio/7.0/toolchain/avr8/avr8-gnu-toolchain/bin/../lib/gcc/avr/4.9.2/../../../../avr/lib/avr6\libm.a(mulsf3x.o)
 .text          0x00000000        0x0 c:/program files (x86)/atmel/studio/7.0/toolchain/avr8/avr8-gnu-toolchain/bin/../lib/gcc/avr/4.9.2/../../../../avr/lib/avr6\libm.a(unordsf2.o)
 .data          0x00000000        0x0 c:/program files (x86)/atmel/studio/7.0/toolchain/avr8/avr8-gnu-toolchain/bin/../lib/gcc/avr/4.9.2/../../../../avr/lib/avr6\libm.a(unordsf2.o)
 .bss           0x00000000        0x0 c:/program files (x86)/atmel/studio/7.0/toolchain/avr8/avr8-gnu-toolchain/bin/../lib/gcc/avr/4.9.2/../../../../avr/lib/avr6\libm.a(unordsf2.o)
 .text.avr-libc.fplib
                0x00000000        0xa c:/program files (x86)/atmel/studio/7.0/toolchain/avr8/avr8-gnu-toolchain/bin/../lib/gcc/avr/4.9.2/../../../../avr/lib/avr6\libm.a(unordsf2.o)
 .text          0x00000000        0x0 c:/program files (x86)/atmel/studio/7.0/toolchain/avr8/avr8-gnu-toolchain/bin/../lib/gcc/avr/4.9.2/avr6\libgcc.a(_udivmodsi4.o)
 .data          0x00000000        0x0 c:/program files (x86)/atmel/studio/7.0/toolchain/avr8/avr8-gnu-toolchain/bin/../lib/gcc/avr/4.9.2/avr6\libgcc.a(_udivmodsi4.o)
 .bss           0x00000000        0x0 c:/program files (x86)/atmel/studio/7.0/toolchain/avr8/avr8-gnu-toolchain/bin/../lib/gcc/avr/4.9.2/avr6\libgcc.a(_udivmodsi4.o)
 .text.libgcc.mul
                0x00000000        0x0 c:/program files (x86)/atmel/studio/7.0/toolchain/avr8/avr8-gnu-toolchain/bin/../lib/gcc/avr/4.9.2/avr6\libgcc.a(_udivmodsi4.o)
 .text.libgcc   0x00000000        0x0 c:/program files (x86)/atmel/studio/7.0/toolchain/avr8/avr8-gnu-toolchain/bin/../lib/gcc/avr/4.9.2/avr6\libgcc.a(_udivmodsi4.o)
 .text.libgcc.prologue
                0x00000000        0x0 c:/program files (x86)/atmel/studio/7.0/toolchain/avr8/avr8-gnu-toolchain/bin/../lib/gcc/avr/4.9.2/avr6\libgcc.a(_udivmodsi4.o)
 .text.libgcc.builtins
                0x00000000        0x0 c:/program files (x86)/atmel/studio/7.0/toolchain/avr8/avr8-gnu-toolchain/bin/../lib/gcc/avr/4.9.2/avr6\libgcc.a(_udivmodsi4.o)
 .text.libgcc.fmul
                0x00000000        0x0 c:/program files (x86)/atmel/studio/7.0/toolchain/avr8/avr8-gnu-toolchain/bin/../lib/gcc/avr/4.9.2/avr6\libgcc.a(_udivmodsi4.o)
 .text.libgcc.fixed
                0x00000000        0x0 c:/program files (x86)/atmel/studio/7.0/toolchain/avr8/avr8-gnu-toolchain/bin/../lib/gcc/avr/4.9.2/avr6\libgcc.a(_udivmodsi4.o)
 .text          0x00000000        0x0 c:/program files (x86)/atmel/studio/7.0/toolchain/avr8/avr8-gnu-toolchain/bin/../lib/gcc/avr/4.9.2/avr6\libgcc.a(_exit.o)
 .data          0x00000000        0x0 c:/program files (x86)/atmel/studio/7.0/toolchain/avr8/avr8-gnu-toolchain/bin/../lib/gcc/avr/4.9.2/avr6\libgcc.a(_exit.o)
 .bss           0x00000000        0x0 c:/program files (x86)/atmel/studio/7.0/toolchain/avr8/avr8-gnu-toolchain/bin/../lib/gcc/avr/4.9.2/avr6\libgcc.a(_exit.o)
 .text.libgcc.mul
                0x00000000        0x0 c:/program files (x86)/atmel/studio/7.0/toolchain/avr8/avr8-gnu-toolchain/bin/../lib/gcc/avr/4.9.2/avr6\libgcc.a(_exit.o)
 .text.libgcc.div
                0x00000000        0x0 c:/program files (x86)/atmel/studio/7.0/toolchain/avr8/avr8-gnu-toolchain/bin/../lib/gcc/avr/4.9.2/avr6\libgcc.a(_exit.o)
 .text.libgcc   0x00000000        0x0 c:/program files (x86)/atmel/studio/7.0/toolchain/avr8/avr8-gnu-toolchain/bin/../lib/gcc/avr/4.9.2/avr6\libgcc.a(_exit.o)
 .text.libgcc.prologue
                0x00000000        0x0 c:/program files (x86)/atmel/studio/7.0/toolchain/avr8/avr8-gnu-toolchain/bin/../lib/gcc/avr/4.9.2/avr6\libgcc.a(_exit.o)
 .text.libgcc.builtins
                0x00000000        0x0 c:/program files (x86)/atmel/studio/7.0/toolchain/avr8/avr8-gnu-toolchain/bin/../lib/gcc/avr/4.9.2/avr6\libgcc.a(_exit.o)
 .text.libgcc.fmul
                0x00000000        0x0 c:/program files (x86)/atmel/studio/7.0/toolchain/avr8/avr8-gnu-toolchain/bin/../lib/gcc/avr/4.9.2/avr6\libgcc.a(_exit.o)
 .text.libgcc.fixed
                0x00000000        0x0 c:/program files (x86)/atmel/studio/7.0/toolchain/avr8/avr8-gnu-toolchain/bin/../lib/gcc/avr/4.9.2/avr6\libgcc.a(_exit.o)
 .text          0x00000000        0x0 c:/program files (x86)/atmel/studio/7.0/toolchain/avr8/avr8-gnu-toolchain/bin/../lib/gcc/avr/4.9.2/avr6\libgcc.a(_tablejump2.o)
 .data          0x00000000        0x0 c:/program files (x86)/atmel/studio/7.0/toolchain/avr8/avr8-gnu-toolchain/bin/../lib/gcc/avr/4.9.2/avr6\libgcc.a(_tablejump2.o)
 .bss           0x00000000        0x0 c:/program files (x86)/atmel/studio/7.0/toolchain/avr8/avr8-gnu-toolchain/bin/../lib/gcc/avr/4.9.2/avr6\libgcc.a(_tablejump2.o)
 .text.libgcc.mul
                0x00000000        0x0 c:/program files (x86)/atmel/studio/7.0/toolchain/avr8/avr8-gnu-toolchain/bin/../lib/gcc/avr/4.9.2/avr6\libgcc.a(_tablejump2.o)
 .text.libgcc.div
                0x00000000        0x0 c:/program files (x86)/atmel/studio/7.0/toolchain/avr8/avr8-gnu-toolchain/bin/../lib/gcc/avr/4.9.2/avr6\libgcc.a(_tablejump2.o)
 .text.libgcc.prologue
                0x00000000        0x0 c:/program files (x86)/atmel/studio/7.0/toolchain/avr8/avr8-gnu-toolchain/bin/../lib/gcc/avr/4.9.2/avr6\libgcc.a(_tablejump2.o)
 .text.libgcc.builtins
                0x00000000        0x0 c:/program files (x86)/atmel/studio/7.0/toolchain/avr8/avr8-gnu-toolchain/bin/../lib/gcc/avr/4.9.2/avr6\libgcc.a(_tablejump2.o)
 .text.libgcc.fmul
                0x00000000        0x0 c:/program files (x86)/atmel/studio/7.0/toolchain/avr8/avr8-gnu-toolchain/bin/../lib/gcc/avr/4.9.2/avr6\libgcc.a(_tablejump2.o)
 .text.libgcc.fixed
                0x00000000        0x0 c:/program files (x86)/atmel/studio/7.0/toolchain/avr8/avr8-gnu-toolchain/bin/../lib/gcc/avr/4.9.2/avr6\libgcc.a(_tablejump2.o)
 .text          0x00000000        0x0 c:/program files (x86)/atmel/studio/7.0/toolchain/avr8/avr8-gnu-toolchain/bin/../lib/gcc/avr/4.9.2/avr6\libgcc.a(_copy_data.o)
 .data          0x00000000        0x0 c:/program files (x86)/atmel/studio/7.0/toolchain/avr8/avr8-gnu-toolchain/bin/../lib/gcc/avr/4.9.2/avr6\libgcc.a(_copy_data.o)
 .bss           0x00000000        0x0 c:/program files (x86)/atmel/studio/7.0/toolchain/avr8/avr8-gnu-toolchain/bin/../lib/gcc/avr/4.9.2/avr6\libgcc.a(_copy_data.o)
 .text.libgcc.mul
                0x00000000        0x0 c:/program files (x86)/atmel/studio/7.0/toolchain/avr8/avr8-gnu-toolchain/bin/../lib/gcc/avr/4.9.2/avr6\libgcc.a(_copy_data.o)
 .text.libgcc.div
                0x00000000        0x0 c:/program files (x86)/atmel/studio/7.0/toolchain/avr8/avr8-gnu-toolchain/bin/../lib/gcc/avr/4.9.2/avr6\libgcc.a(_copy_data.o)
 .text.libgcc   0x00000000        0x0 c:/program files (x86)/atmel/studio/7.0/toolchain/avr8/avr8-gnu-toolchain/bin/../lib/gcc/avr/4.9.2/avr6\libgcc.a(_copy_data.o)
 .text.libgcc.prologue
                0x00000000        0x0 c:/program files (x86)/atmel/studio/7.0/toolchain/avr8/avr8-gnu-toolchain/bin/../lib/gcc/avr/4.9.2/avr6\libgcc.a(_copy_data.o)
 .text.libgcc.builtins
                0x00000000        0x0 c:/program files (x86)/atmel/studio/7.0/toolchain/avr8/avr8-gnu-toolchain/bin/../lib/gcc/avr/4.9.2/avr6\libgcc.a(_copy_data.o)
 .text.libgcc.fmul
                0x00000000        0x0 c:/program files (x86)/atmel/studio/7.0/toolchain/avr8/avr8-gnu-toolchain/bin/../lib/gcc/avr/4.9.2/avr6\libgcc.a(_copy_data.o)
 .text.libgcc.fixed
                0x00000000        0x0 c:/program files (x86)/atmel/studio/7.0/toolchain/avr8/avr8-gnu-toolchain/bin/../lib/gcc/avr/4.9.2/avr6\libgcc.a(_copy_data.o)
 .text          0x00000000        0x0 c:/program files (x86)/atmel/studio/7.0/toolchain/avr8/avr8-gnu-toolchain/bin/../lib/gcc/avr/4.9.2/avr6\libgcc.a(_clear_bss.o)
 .data          0x00000000        0x0 c:/program files (x86)/atmel/studio/7.0/toolchain/avr8/avr8-gnu-toolchain/bin/../lib/gcc/avr/4.9.2/avr6\libgcc.a(_clear_bss.o)
 .bss           0x00000000        0x0 c:/program files (x86)/atmel/studio/7.0/toolchain/avr8/avr8-gnu-toolchain/bin/../lib/gcc/avr/4.9.2/avr6\libgcc.a(_clear_bss.o)
 .text.libgcc.mul
                0x00000000        0x0 c:/program files (x86)/atmel/studio/7.0/toolchain/avr8/avr8-gnu-toolchain/bin/../lib/gcc/avr/4.9.2/avr6\libgcc.a(_clear_bss.o)
 .text.libgcc.div
                0x00000000        0x0 c:/program files (x86)/atmel/studio/7.0/toolchain/avr8/avr8-gnu-toolchain/bin/../lib/gcc/avr/4.9.2/avr6\libgcc.a(_clear_bss.o)
 .text.libgcc   0x00000000        0x0 c:/program files (x86)/atmel/studio/7.0/toolchain/avr8/avr8-gnu-toolchain/bin/../lib/gcc/avr/4.9.2/avr6\libgcc.a(_clear_bss.o)
 .text.libgcc.prologue
                0x00000000        0x0 c:/program files (x86)/atmel/studio/7.0/toolchain/avr8/avr8-gnu-toolchain/bin/../lib/gcc/avr/4.9.2/avr6\libgcc.a(_clear_bss.o)
 .text.libgcc.builtins
                0x00000000        0x0 c:/program files (x86)/atmel/studio/7.0/toolchain/avr8/avr8-gnu-toolchain/bin/../lib/gcc/avr/4.9.2/avr6\libgcc.a(_clear_bss.o)
 .text.libgcc.fmul
                0x00000000        0x0 c:/program files (x86)/atmel/studio/7.0/toolchain/avr8/avr8-gnu-toolchain/bin/../lib/gcc/avr/4.9.2/avr6\libgcc.a(_clear_bss.o)
 .text.libgcc.fixed
                0x00000000        0x0 c:/program files (x86)/atmel/studio/7.0/toolchain/avr8/avr8-gnu-toolchain/bin/../lib/gcc/avr/4.9.2/avr6\libgcc.a(_clear_bss.o)
 .text          0x00000000        0x0 c:/program files (x86)/atmel/studio/7.0/toolchain/avr8/avr8-gnu-toolchain/bin/../lib/gcc/avr/4.9.2/avr6\libgcc.a(_ctors.o)
 .data          0x00000000        0x0 c:/program files (x86)/atmel/studio/7.0/toolchain/avr8/avr8-gnu-toolchain/bin/../lib/gcc/avr/4.9.2/avr6\libgcc.a(_ctors.o)
 .bss           0x00000000        0x0 c:/program files (x86)/atmel/studio/7.0/toolchain/avr8/avr8-gnu-toolchain/bin/../lib/gcc/avr/4.9.2/avr6\libgcc.a(_ctors.o)
 .text.libgcc.mul
                0x00000000        0x0 c:/program files (x86)/atmel/studio/7.0/toolchain/avr8/avr8-gnu-toolchain/bin/../lib/gcc/avr/4.9.2/avr6\libgcc.a(_ctors.o)
 .text.libgcc.div
                0x00000000        0x0 c:/program files (x86)/atmel/studio/7.0/toolchain/avr8/avr8-gnu-toolchain/bin/../lib/gcc/avr/4.9.2/avr6\libgcc.a(_ctors.o)
 .text.libgcc   0x00000000        0x0 c:/program files (x86)/atmel/studio/7.0/toolchain/avr8/avr8-gnu-toolchain/bin/../lib/gcc/avr/4.9.2/avr6\libgcc.a(_ctors.o)
 .text.libgcc.prologue
                0x00000000        0x0 c:/program files (x86)/atmel/studio/7.0/toolchain/avr8/avr8-gnu-toolchain/bin/../lib/gcc/avr/4.9.2/avr6\libgcc.a(_ctors.o)
 .text.libgcc.builtins
                0x00000000        0x0 c:/program files (x86)/atmel/studio/7.0/toolchain/avr8/avr8-gnu-toolchain/bin/../lib/gcc/avr/4.9.2/avr6\libgcc.a(_ctors.o)
 .text.libgcc.fmul
                0x00000000        0x0 c:/program files (x86)/atmel/studio/7.0/toolchain/avr8/avr8-gnu-toolchain/bin/../lib/gcc/avr/4.9.2/avr6\libgcc.a(_ctors.o)
 .text.libgcc.fixed
                0x00000000        0x0 c:/program files (x86)/atmel/studio/7.0/toolchain/avr8/avr8-gnu-toolchain/bin/../lib/gcc/avr/4.9.2/avr6\libgcc.a(_ctors.o)
 .text          0x00000000        0x0 c:/program files (x86)/atmel/studio/7.0/toolchain/avr8/avr8-gnu-toolchain/bin/../lib/gcc/avr/4.9.2/../../../../avr/lib/avr6\libc.a(abort.o)
 .data          0x00000000        0x0 c:/program files (x86)/atmel/studio/7.0/toolchain/avr8/avr8-gnu-toolchain/bin/../lib/gcc/avr/4.9.2/../../../../avr/lib/avr6\libc.a(abort.o)
 .bss           0x00000000        0x0 c:/program files (x86)/atmel/studio/7.0/toolchain/avr8/avr8-gnu-toolchain/bin/../lib/gcc/avr/4.9.2/../../../../avr/lib/avr6\libc.a(abort.o)
 .text.avr-libc
                0x00000000        0xa c:/program files (x86)/atmel/studio/7.0/toolchain/avr8/avr8-gnu-toolchain/bin/../lib/gcc/avr/4.9.2/../../../../avr/lib/avr6\libc.a(abort.o)

Memory Configuration

Name             Origin             Length             Attributes
text             0x00000000         0x00100000         xr
data             0x00800200         0x0000fe00         rw !x
eeprom           0x00810000         0x00010000         rw !x
fuse             0x00820000         0x00000400         rw !x
lock             0x00830000         0x00000400         rw !x
signature        0x00840000         0x00000400         rw !x
user_signatures  0x00850000         0x00000400         rw !x
*default*        0x00000000         0xffffffff

Linker script and memory map

Address of section .data set to 0x800200
LOAD C:/Program Files (x86)/Atmel/Studio/7.0/Packs/atmel/ATmega_DFP/1.0.98/gcc/dev/atmega2560/avr6/crtatmega2560.o
LOAD HCTL2032.o
LOAD Sketch.o
START GROUP
LOAD c:/program files (x86)/atmel/studio/7.0/toolchain/avr8/avr8-gnu-toolchain/bin/../lib/gcc/avr/4.9.2/../../../../avr/lib/avr6\libm.a
LOAD c:\users\adgzlanl\Documents\Atmel Studio\7.0\HCTL2032\HCTL2032\ArduinoCore\Debug\libArduinoCore.a
END GROUP
LOAD c:/program files (x86)/atmel/studio/7.0/toolchain/avr8/avr8-gnu-toolchain/bin/../lib/gcc/avr/4.9.2/avr6\libgcc.a
LOAD c:/program files (x86)/atmel/studio/7.0/toolchain/avr8/avr8-gnu-toolchain/bin/../lib/gcc/avr/4.9.2/../../../../avr/lib/avr6\libm.a
START GROUP
LOAD c:/program files (x86)/atmel/studio/7.0/toolchain/avr8/avr8-gnu-toolchain/bin/../lib/gcc/avr/4.9.2/avr6\libgcc.a
LOAD c:/program files (x86)/atmel/studio/7.0/toolchain/avr8/avr8-gnu-toolchain/bin/../lib/gcc/avr/4.9.2/../../../../avr/lib/avr6\libm.a
LOAD c:/program files (x86)/atmel/studio/7.0/toolchain/avr8/avr8-gnu-toolchain/bin/../lib/gcc/avr/4.9.2/../../../../avr/lib/avr6\libc.a
LOAD C:/Program Files (x86)/Atmel/Studio/7.0/Packs/atmel/ATmega_DFP/1.0.98/gcc/dev/atmega2560/avr6\libatmega2560.a
END GROUP

.hash
 *(.hash)

.dynsym
 *(.dynsym)

.dynstr
 *(.dynstr)

.gnu.version
 *(.gnu.version)

.gnu.version_d
 *(.gnu.version_d)

.gnu.version_r
 *(.gnu.version_r)

.rel.init
 *(.rel.init)

.rela.init
 *(.rela.init)

.rel.text
 *(.rel.text)
 *(.rel.text.*)
 *(.rel.gnu.linkonce.t*)

.rela.text
 *(.rela.text)
 *(.rela.text.*)
 *(.rela.gnu.linkonce.t*)

.rel.fini
 *(.rel.fini)

.rela.fini
 *(.rela.fini)

.rel.rodata
 *(.rel.rodata)
 *(.rel.rodata.*)
 *(.rel.gnu.linkonce.r*)

.rela.rodata
 *(.rela.rodata)
 *(.rela.rodata.*)
 *(.rela.gnu.linkonce.r*)

.rel.data
 *(.rel.data)
 *(.rel.data.*)
 *(.rel.gnu.linkonce.d*)

.rela.data
 *(.rela.data)
 *(.rela.data.*)
 *(.rela.gnu.linkonce.d*)

.rel.ctors
 *(.rel.ctors)

.rela.ctors
 *(.rela.ctors)

.rel.dtors
 *(.rel.dtors)

.rela.dtors
 *(.rela.dtors)

.rel.got
 *(.rel.got)

.rela.got
 *(.rela.got)

.rel.bss
 *(.rel.bss)

.rela.bss
 *(.rela.bss)

.rel.plt
 *(.rel.plt)

.rela.plt
 *(.rela.plt)

.text           0x00000000      0xed2
 *(.vectors)
 .vectors       0x00000000       0xe4 C:/Program Files (x86)/Atmel/Studio/7.0/Packs/atmel/ATmega_DFP/1.0.98/gcc/dev/atmega2560/avr6/crtatmega2560.o
                0x00000000                __vector_default
                0x00000000                __vectors
 *(.vectors)
 *(.progmem.gcc*)
 .progmem.gcc_sw_table.turnOffPWM
                0x000000e4       0x24 c:\users\adgzlanl\Documents\Atmel Studio\7.0\HCTL2032\HCTL2032\ArduinoCore\Debug\libArduinoCore.a(wiring_digital.o)
                0x00000108                . = ALIGN (0x2)
                0x00000108                __trampolines_start = .
 *(.trampolines)
 .trampolines   0x00000108        0x0 linker stubs
 *(.trampolines*)
                0x00000108                __trampolines_end = .
 *(.progmem*)
 .progmem.data.digital_pin_to_timer_PGM
                0x00000108       0x46 c:\users\adgzlanl\Documents\Atmel Studio\7.0\HCTL2032\HCTL2032\ArduinoCore\Debug\libArduinoCore.a(wiring_digital.o)
                0x00000108                digital_pin_to_timer_PGM
 .progmem.data.digital_pin_to_bit_mask_PGM
                0x0000014e       0x46 c:\users\adgzlanl\Documents\Atmel Studio\7.0\HCTL2032\HCTL2032\ArduinoCore\Debug\libArduinoCore.a(wiring_digital.o)
                0x0000014e                digital_pin_to_bit_mask_PGM
 .progmem.data.digital_pin_to_port_PGM
                0x00000194       0x46 c:\users\adgzlanl\Documents\Atmel Studio\7.0\HCTL2032\HCTL2032\ArduinoCore\Debug\libArduinoCore.a(wiring_digital.o)
                0x00000194                digital_pin_to_port_PGM
 .progmem.data.port_to_input_PGM
                0x000001da       0x1a c:\users\adgzlanl\Documents\Atmel Studio\7.0\HCTL2032\HCTL2032\ArduinoCore\Debug\libArduinoCore.a(wiring_digital.o)
                0x000001da                port_to_input_PGM
 .progmem.data.port_to_output_PGM
                0x000001f4       0x1a c:\users\adgzlanl\Documents\Atmel Studio\7.0\HCTL2032\HCTL2032\ArduinoCore\Debug\libArduinoCore.a(wiring_digital.o)
                0x000001f4                port_to_output_PGM
 .progmem.data.port_to_mode_PGM
                0x0000020e       0x1a c:\users\adgzlanl\Documents\Atmel Studio\7.0\HCTL2032\HCTL2032\ArduinoCore\Debug\libArduinoCore.a(wiring_digital.o)
                0x0000020e                port_to_mode_PGM
                0x00000228                . = ALIGN (0x2)
 *(.jumptables)
 *(.jumptables*)
 *(.lowtext)
 *(.lowtext*)
                0x00000228                __ctors_start = .
 *(.ctors)
 .ctors         0x00000228        0x2 Sketch.o
 .ctors         0x0000022a        0x2 c:\users\adgzlanl\Documents\Atmel Studio\7.0\HCTL2032\HCTL2032\ArduinoCore\Debug\libArduinoCore.a(HardwareSerial0.o)
                0x0000022c                __ctors_end = .
                0x0000022c                __dtors_start = .
 *(.dtors)
                0x0000022c                __dtors_end = .
 SORT(*)(.ctors)
 SORT(*)(.dtors)
 *(.init0)
 .init0         0x0000022c        0x0 C:/Program Files (x86)/Atmel/Studio/7.0/Packs/atmel/ATmega_DFP/1.0.98/gcc/dev/atmega2560/avr6/crtatmega2560.o
                0x0000022c                __init
 *(.init0)
 *(.init1)
 *(.init1)
 *(.init2)
 .init2         0x0000022c       0x10 C:/Program Files (x86)/Atmel/Studio/7.0/Packs/atmel/ATmega_DFP/1.0.98/gcc/dev/atmega2560/avr6/crtatmega2560.o
 *(.init2)
 *(.init3)
 *(.init3)
 *(.init4)
 .init4         0x0000023c       0x1a c:/program files (x86)/atmel/studio/7.0/toolchain/avr8/avr8-gnu-toolchain/bin/../lib/gcc/avr/4.9.2/avr6\libgcc.a(_copy_data.o)
                0x0000023c                __do_copy_data
 .init4         0x00000256       0x10 c:/program files (x86)/atmel/studio/7.0/toolchain/avr8/avr8-gnu-toolchain/bin/../lib/gcc/avr/4.9.2/avr6\libgcc.a(_clear_bss.o)
                0x00000256                __do_clear_bss
 *(.init4)
 *(.init5)
 *(.init5)
 *(.init6)
 .init6         0x00000266       0x1e c:/program files (x86)/atmel/studio/7.0/toolchain/avr8/avr8-gnu-toolchain/bin/../lib/gcc/avr/4.9.2/avr6\libgcc.a(_ctors.o)
                0x00000266                __do_global_ctors
 *(.init6)
 *(.init7)
 *(.init7)
 *(.init8)
 *(.init8)
 *(.init9)
 .init9         0x00000284        0x4 C:/Program Files (x86)/Atmel/Studio/7.0/Packs/atmel/ATmega_DFP/1.0.98/gcc/dev/atmega2560/avr6/crtatmega2560.o
 *(.init9)
 *(.text)
 .text          0x00000288        0x2 C:/Program Files (x86)/Atmel/Studio/7.0/Packs/atmel/ATmega_DFP/1.0.98/gcc/dev/atmega2560/avr6/crtatmega2560.o
                0x00000288                __vector_38
                0x00000288                __vector_22
                0x00000288                __vector_28
                0x00000288                __vector_1
                0x00000288                __vector_32
                0x00000288                __vector_34
                0x00000288                __vector_24
                0x00000288                __vector_12
                0x00000288                __vector_55
                0x00000288                __vector_46
                0x00000288                __bad_interrupt
                0x00000288                __vector_6
                0x00000288                __vector_31
                0x00000288                __vector_35
                0x00000288                __vector_39
                0x00000288                __vector_3
                0x00000288                __vector_30
                0x00000288                __vector_45
                0x00000288                __vector_11
                0x00000288                __vector_54
                0x00000288                __vector_13
                0x00000288                __vector_17
                0x00000288                __vector_19
                0x00000288                __vector_56
                0x00000288                __vector_7
                0x00000288                __vector_49
                0x00000288                __vector_41
                0x00000288                __vector_43
                0x00000288                __vector_27
                0x00000288                __vector_5
                0x00000288                __vector_33
                0x00000288                __vector_47
                0x00000288                __vector_52
                0x00000288                __vector_37
                0x00000288                __vector_4
                0x00000288                __vector_44
                0x00000288                __vector_51
                0x00000288                __vector_9
                0x00000288                __vector_2
                0x00000288                __vector_21
                0x00000288                __vector_15
                0x00000288                __vector_36
                0x00000288                __vector_29
                0x00000288                __vector_40
                0x00000288                __vector_8
                0x00000288                __vector_48
                0x00000288                __vector_14
                0x00000288                __vector_53
                0x00000288                __vector_10
                0x00000288                __vector_50
                0x00000288                __vector_16
                0x00000288                __vector_18
                0x00000288                __vector_20
                0x00000288                __vector_42
                0x0000028a                . = ALIGN (0x2)
 *(.text.*)
 .text._ZNK8HCTL20328ReadByteEv
                0x0000028a       0x9a HCTL2032.o
                0x0000028a                _ZNK8HCTL20328ReadByteEv
 .text._ZNK8HCTL203212EncoderResetEv
                0x00000324       0x34 HCTL2032.o
                0x00000324                _ZNK8HCTL203212EncoderResetEv
 .text._ZNK8HCTL203211EncoderInitEv
                0x00000358       0x80 HCTL2032.o
                0x00000358                _ZNK8HCTL203211EncoderInitEv
 .text._ZNK8HCTL203211EncoderReadENS_13SelectChannelE
                0x000003d8       0xb2 HCTL2032.o
                0x000003d8                _ZNK8HCTL203211EncoderReadENS_13SelectChannelE
 .text.setup    0x0000048a       0x16 Sketch.o
                0x0000048a                setup
 .text.loop     0x000004a0       0x64 Sketch.o
                0x000004a0                loop
 .text.startup._GLOBAL__sub_I_ReadEncoder
                0x00000504       0x86 Sketch.o
 .text._ZN14HardwareSerial9availableEv
                0x0000058a       0x18 c:\users\adgzlanl\Documents\Atmel Studio\7.0\HCTL2032\HCTL2032\ArduinoCore\Debug\libArduinoCore.a(HardwareSerial.o)
                0x0000058a                _ZN14HardwareSerial9availableEv
 .text._ZN14HardwareSerial4peekEv
                0x000005a2       0x1c c:\users\adgzlanl\Documents\Atmel Studio\7.0\HCTL2032\HCTL2032\ArduinoCore\Debug\libArduinoCore.a(HardwareSerial.o)
                0x000005a2                _ZN14HardwareSerial4peekEv
 .text._ZN14HardwareSerial4readEv
                0x000005be       0x28 c:\users\adgzlanl\Documents\Atmel Studio\7.0\HCTL2032\HCTL2032\ArduinoCore\Debug\libArduinoCore.a(HardwareSerial.o)
                0x000005be                _ZN14HardwareSerial4readEv
 .text._Z14serialEventRunv
                0x000005e6       0x78 c:\users\adgzlanl\Documents\Atmel Studio\7.0\HCTL2032\HCTL2032\ArduinoCore\Debug\libArduinoCore.a(HardwareSerial.o)
                0x000005e6                _Z14serialEventRunv
 .text._ZN14HardwareSerial17_tx_udr_empty_irqEv
                0x0000065e       0x42 c:\users\adgzlanl\Documents\Atmel Studio\7.0\HCTL2032\HCTL2032\ArduinoCore\Debug\libArduinoCore.a(HardwareSerial.o)
                0x0000065e                _ZN14HardwareSerial17_tx_udr_empty_irqEv
 .text._ZN14HardwareSerial5flushEv
                0x000006a0       0x42 c:\users\adgzlanl\Documents\Atmel Studio\7.0\HCTL2032\HCTL2032\ArduinoCore\Debug\libArduinoCore.a(HardwareSerial.o)
                0x000006a0                _ZN14HardwareSerial5flushEv
 .text._ZN14HardwareSerial5writeEh
                0x000006e2       0x8c c:\users\adgzlanl\Documents\Atmel Studio\7.0\HCTL2032\HCTL2032\ArduinoCore\Debug\libArduinoCore.a(HardwareSerial.o)
                0x000006e2                _ZN14HardwareSerial5writeEh
 .text._ZN14HardwareSerial5beginEmh
                0x0000076e       0xc6 c:\users\adgzlanl\Documents\Atmel Studio\7.0\HCTL2032\HCTL2032\ArduinoCore\Debug\libArduinoCore.a(HardwareSerial.o)
                0x0000076e                _ZN14HardwareSerial5beginEmh
 .text.__vector_25
                0x00000834       0x6c c:\users\adgzlanl\Documents\Atmel Studio\7.0\HCTL2032\HCTL2032\ArduinoCore\Debug\libArduinoCore.a(HardwareSerial0.o)
                0x00000834                __vector_25
 .text.__vector_26
                0x000008a0       0x52 c:\users\adgzlanl\Documents\Atmel Studio\7.0\HCTL2032\HCTL2032\ArduinoCore\Debug\libArduinoCore.a(HardwareSerial0.o)
                0x000008a0                __vector_26
 .text._Z17Serial0_availablev
                0x000008f2       0x12 c:\users\adgzlanl\Documents\Atmel Studio\7.0\HCTL2032\HCTL2032\ArduinoCore\Debug\libArduinoCore.a(HardwareSerial0.o)
                0x000008f2                _Z17Serial0_availablev
 .text.startup._GLOBAL__sub_I___vector_25
                0x00000904       0x5a c:\users\adgzlanl\Documents\Atmel Studio\7.0\HCTL2032\HCTL2032\ArduinoCore\Debug\libArduinoCore.a(HardwareSerial0.o)
 .text.initVariant
                0x0000095e        0x2 c:\users\adgzlanl\Documents\Atmel Studio\7.0\HCTL2032\HCTL2032\ArduinoCore\Debug\libArduinoCore.a(main.o)
                0x0000095e                initVariant
 .text.startup.main
                0x00000960       0x14 c:\users\adgzlanl\Documents\Atmel Studio\7.0\HCTL2032\HCTL2032\ArduinoCore\Debug\libArduinoCore.a(main.o)
                0x00000960                main
 .text._ZN5Print5writeEPKhj
                0x00000974       0x56 c:\users\adgzlanl\Documents\Atmel Studio\7.0\HCTL2032\HCTL2032\ArduinoCore\Debug\libArduinoCore.a(Print.o)
                0x00000974                _ZN5Print5writeEPKhj
 .text._ZN5Print5writeEPKc
                0x000009ca       0x2a c:\users\adgzlanl\Documents\Atmel Studio\7.0\HCTL2032\HCTL2032\ArduinoCore\Debug\libArduinoCore.a(Print.o)
                0x000009ca                _ZN5Print5writeEPKc
 .text._ZN5Print5printEPKc
                0x000009f4        0x2 c:\users\adgzlanl\Documents\Atmel Studio\7.0\HCTL2032\HCTL2032\ArduinoCore\Debug\libArduinoCore.a(Print.o)
                0x000009f4                _ZN5Print5printEPKc
 .text._ZN5Print5printEc
                0x000009f6        0xe c:\users\adgzlanl\Documents\Atmel Studio\7.0\HCTL2032\HCTL2032\ArduinoCore\Debug\libArduinoCore.a(Print.o)
                0x000009f6                _ZN5Print5printEc
 .text._ZN5Print7printlnEv
                0x00000a04        0x6 c:\users\adgzlanl\Documents\Atmel Studio\7.0\HCTL2032\HCTL2032\ArduinoCore\Debug\libArduinoCore.a(Print.o)
                0x00000a04                _ZN5Print7printlnEv
 .text._ZN5Print11printNumberEmh
                0x00000a0a       0xa4 c:\users\adgzlanl\Documents\Atmel Studio\7.0\HCTL2032\HCTL2032\ArduinoCore\Debug\libArduinoCore.a(Print.o)
                0x00000a0a                _ZN5Print11printNumberEmh
 .text._ZN5Print5printEli
                0x00000aae       0x8e c:\users\adgzlanl\Documents\Atmel Studio\7.0\HCTL2032\HCTL2032\ArduinoCore\Debug\libArduinoCore.a(Print.o)
                0x00000aae                _ZN5Print5printEli
 .text.__vector_23
                0x00000b3c       0x94 c:\users\adgzlanl\Documents\Atmel Studio\7.0\HCTL2032\HCTL2032\ArduinoCore\Debug\libArduinoCore.a(wiring.o)
                0x00000b3c                __vector_23
 .text.delayMicroseconds
                0x00000bd0       0x16 c:\users\adgzlanl\Documents\Atmel Studio\7.0\HCTL2032\HCTL2032\ArduinoCore\Debug\libArduinoCore.a(wiring.o)
                0x00000bd0                delayMicroseconds
 .text.init     0x00000be6       0xc4 c:\users\adgzlanl\Documents\Atmel Studio\7.0\HCTL2032\HCTL2032\ArduinoCore\Debug\libArduinoCore.a(wiring.o)
                0x00000be6                init
 .text.turnOffPWM
                0x00000caa       0xaa c:\users\adgzlanl\Documents\Atmel Studio\7.0\HCTL2032\HCTL2032\ArduinoCore\Debug\libArduinoCore.a(wiring_digital.o)
 .text.pinMode  0x00000d54       0x78 c:\users\adgzlanl\Documents\Atmel Studio\7.0\HCTL2032\HCTL2032\ArduinoCore\Debug\libArduinoCore.a(wiring_digital.o)
                0x00000d54                pinMode
 .text.digitalWrite
                0x00000dcc       0x5e c:\users\adgzlanl\Documents\Atmel Studio\7.0\HCTL2032\HCTL2032\ArduinoCore\Debug\libArduinoCore.a(wiring_digital.o)
                0x00000dcc                digitalWrite
 .text.digitalRead
                0x00000e2a       0x50 c:\users\adgzlanl\Documents\Atmel Studio\7.0\HCTL2032\HCTL2032\ArduinoCore\Debug\libArduinoCore.a(wiring_digital.o)
                0x00000e2a                digitalRead
 .text.libgcc.div
                0x00000e7a       0x44 c:/program files (x86)/atmel/studio/7.0/toolchain/avr8/avr8-gnu-toolchain/bin/../lib/gcc/avr/4.9.2/avr6\libgcc.a(_udivmodsi4.o)
                0x00000e7a                __udivmodsi4
 .text.libgcc   0x00000ebe       0x10 c:/program files (x86)/atmel/studio/7.0/toolchain/avr8/avr8-gnu-toolchain/bin/../lib/gcc/avr/4.9.2/avr6\libgcc.a(_tablejump2.o)
                0x00000ebe                __tablejump2__
                0x00000ece                . = ALIGN (0x2)
 *(.fini9)
 .fini9         0x00000ece        0x0 c:/program files (x86)/atmel/studio/7.0/toolchain/avr8/avr8-gnu-toolchain/bin/../lib/gcc/avr/4.9.2/avr6\libgcc.a(_exit.o)
                0x00000ece                _exit
                0x00000ece                exit
 *(.fini9)
 *(.fini8)
 *(.fini8)
 *(.fini7)
 *(.fini7)
 *(.fini6)
 *(.fini6)
 *(.fini5)
 *(.fini5)
 *(.fini4)
 *(.fini4)
 *(.fini3)
 *(.fini3)
 *(.fini2)
 *(.fini2)
 *(.fini1)
 *(.fini1)
 *(.fini0)
 .fini0         0x00000ece        0x4 c:/program files (x86)/atmel/studio/7.0/toolchain/avr8/avr8-gnu-toolchain/bin/../lib/gcc/avr/4.9.2/avr6\libgcc.a(_exit.o)
 *(.fini0)
                0x00000ed2                _etext = .

.data           0x00800200       0x24 load address 0x00000ed2
                0x00800200                PROVIDE (__data_start, .)
 *(.data)
 *(.data*)
 *(.rodata)
 *(.rodata*)
 .rodata.str1.1
                0x00800200        0x2 Sketch.o
 .rodata._ZTV14HardwareSerial
                0x00800202       0x10 c:\users\adgzlanl\Documents\Atmel Studio\7.0\HCTL2032\HCTL2032\ArduinoCore\Debug\libArduinoCore.a(HardwareSerial.o)
                0x00800202                _ZTV14HardwareSerial
 .rodata.str1.1
                0x00800212       0x11 c:\users\adgzlanl\Documents\Atmel Studio\7.0\HCTL2032\HCTL2032\ArduinoCore\Debug\libArduinoCore.a(Print.o)
 *(.gnu.linkonce.d*)
                0x00800224                . = ALIGN (0x2)
 *fill*         0x00800223        0x1 
                0x00800224                _edata = .
                0x00800224                PROVIDE (__data_end, .)

.bss            0x00800224       0xc6
                0x00800224                PROVIDE (__bss_start, .)
 *(.bss)
 *(.bss*)
 .bss.ReadEncoder
                0x00800224       0x20 Sketch.o
                0x00800224                ReadEncoder
 .bss.Serial    0x00800244       0x9d c:\users\adgzlanl\Documents\Atmel Studio\7.0\HCTL2032\HCTL2032\ArduinoCore\Debug\libArduinoCore.a(HardwareSerial0.o)
                0x00800244                Serial
 .bss.timer0_fract
                0x008002e1        0x1 c:\users\adgzlanl\Documents\Atmel Studio\7.0\HCTL2032\HCTL2032\ArduinoCore\Debug\libArduinoCore.a(wiring.o)
 .bss.timer0_millis
                0x008002e2        0x4 c:\users\adgzlanl\Documents\Atmel Studio\7.0\HCTL2032\HCTL2032\ArduinoCore\Debug\libArduinoCore.a(wiring.o)
                0x008002e2                timer0_millis
 .bss.timer0_overflow_count
                0x008002e6        0x4 c:\users\adgzlanl\Documents\Atmel Studio\7.0\HCTL2032\HCTL2032\ArduinoCore\Debug\libArduinoCore.a(wiring.o)
                0x008002e6                timer0_overflow_count
 *(COMMON)
                0x008002ea                PROVIDE (__bss_end, .)
                0x00000ed2                __data_load_start = LOADADDR (.data)
                0x00000ef6                __data_load_end = (__data_load_start + SIZEOF (.data))

.noinit         0x008002ea        0x0
                0x008002ea                PROVIDE (__noinit_start, .)
 *(.noinit*)
                0x008002ea                PROVIDE (__noinit_end, .)
                0x008002ea                _end = .
                0x008002ea                PROVIDE (__heap_start, .)

.eeprom         0x00810000        0x0
 *(.eeprom*)
                0x00810000                __eeprom_end = .

.fuse
 *(.fuse)
 *(.lfuse)
 *(.hfuse)
 *(.efuse)

.lock
 *(.lock*)

.signature
 *(.signature*)

.user_signatures
 *(.user_signatures*)

.stab
 *(.stab)

.stabstr
 *(.stabstr)

.stab.excl
 *(.stab.excl)

.stab.exclstr
 *(.stab.exclstr)

.stab.index
 *(.stab.index)

.stab.indexstr
 *(.stab.indexstr)

.comment        0x00000000       0x30
 *(.comment)
 .comment       0x00000000       0x30 HCTL2032.o
                                 0x31 (size before relaxing)
 .comment       0x00000030       0x31 Sketch.o
 .comment       0x00000030       0x31 c:\users\adgzlanl\Documents\Atmel Studio\7.0\HCTL2032\HCTL2032\ArduinoCore\Debug\libArduinoCore.a(HardwareSerial.o)
 .comment       0x00000030       0x31 c:\users\adgzlanl\Documents\Atmel Studio\7.0\HCTL2032\HCTL2032\ArduinoCore\Debug\libArduinoCore.a(HardwareSerial0.o)
 .comment       0x00000030       0x31 c:\users\adgzlanl\Documents\Atmel Studio\7.0\HCTL2032\HCTL2032\ArduinoCore\Debug\libArduinoCore.a(main.o)
 .comment       0x00000030       0x31 c:\users\adgzlanl\Documents\Atmel Studio\7.0\HCTL2032\HCTL2032\ArduinoCore\Debug\libArduinoCore.a(Print.o)
 .comment       0x00000030       0x31 c:\users\adgzlanl\Documents\Atmel Studio\7.0\HCTL2032\HCTL2032\ArduinoCore\Debug\libArduinoCore.a(wiring.o)
 .comment       0x00000030       0x31 c:\users\adgzlanl\Documents\Atmel Studio\7.0\HCTL2032\HCTL2032\ArduinoCore\Debug\libArduinoCore.a(wiring_digital.o)

.note.gnu.avr.deviceinfo
                0x00000000       0x40
 .note.gnu.avr.deviceinfo
                0x00000000       0x40 C:/Program Files (x86)/Atmel/Studio/7.0/Packs/atmel/ATmega_DFP/1.0.98/gcc/dev/atmega2560/avr6/crtatmega2560.o

.note.gnu.build-id
 *(.note.gnu.build-id)

.debug
 *(.debug)

.line
 *(.line)

.debug_srcinfo
 *(.debug_srcinfo)

.debug_sfnames
 *(.debug_sfnames)

.debug_aranges  0x00000000      0x2b0
 *(.debug_aranges)
 .debug_aranges
                0x00000000       0x38 HCTL2032.o
 .debug_aranges
                0x00000038       0x30 Sketch.o
 .debug_aranges
                0x00000068       0x68 c:\users\adgzlanl\Documents\Atmel Studio\7.0\HCTL2032\HCTL2032\ArduinoCore\Debug\libArduinoCore.a(HardwareSerial.o)
 .debug_aranges
                0x000000d0       0x38 c:\users\adgzlanl\Documents\Atmel Studio\7.0\HCTL2032\HCTL2032\ArduinoCore\Debug\libArduinoCore.a(HardwareSerial0.o)
 .debug_aranges
                0x00000108       0x38 c:\users\adgzlanl\Documents\Atmel Studio\7.0\HCTL2032\HCTL2032\ArduinoCore\Debug\libArduinoCore.a(main.o)
 .debug_aranges
                0x00000140       0xf0 c:\users\adgzlanl\Documents\Atmel Studio\7.0\HCTL2032\HCTL2032\ArduinoCore\Debug\libArduinoCore.a(Print.o)
 .debug_aranges
                0x00000230       0x48 c:\users\adgzlanl\Documents\Atmel Studio\7.0\HCTL2032\HCTL2032\ArduinoCore\Debug\libArduinoCore.a(wiring.o)
 .debug_aranges
                0x00000278       0x38 c:\users\adgzlanl\Documents\Atmel Studio\7.0\HCTL2032\HCTL2032\ArduinoCore\Debug\libArduinoCore.a(wiring_digital.o)

.debug_pubnames
 *(.debug_pubnames)

.debug_info     0x00000000     0x76c1
 *(.debug_info .gnu.linkonce.wi.*)
 .debug_info    0x00000000      0x874 HCTL2032.o
 .debug_info    0x00000874      0x6fc Sketch.o
 .debug_info    0x00000f70     0x1c43 c:\users\adgzlanl\Documents\Atmel Studio\7.0\HCTL2032\HCTL2032\ArduinoCore\Debug\libArduinoCore.a(HardwareSerial.o)
 .debug_info    0x00002bb3     0x17ce c:\users\adgzlanl\Documents\Atmel Studio\7.0\HCTL2032\HCTL2032\ArduinoCore\Debug\libArduinoCore.a(HardwareSerial0.o)
 .debug_info    0x00004381      0x283 c:\users\adgzlanl\Documents\Atmel Studio\7.0\HCTL2032\HCTL2032\ArduinoCore\Debug\libArduinoCore.a(main.o)
 .debug_info    0x00004604     0x2762 c:\users\adgzlanl\Documents\Atmel Studio\7.0\HCTL2032\HCTL2032\ArduinoCore\Debug\libArduinoCore.a(Print.o)
 .debug_info    0x00006d66      0x326 c:\users\adgzlanl\Documents\Atmel Studio\7.0\HCTL2032\HCTL2032\ArduinoCore\Debug\libArduinoCore.a(wiring.o)
 .debug_info    0x0000708c      0x635 c:\users\adgzlanl\Documents\Atmel Studio\7.0\HCTL2032\HCTL2032\ArduinoCore\Debug\libArduinoCore.a(wiring_digital.o)

.debug_abbrev   0x00000000     0x13c2
 *(.debug_abbrev)
 .debug_abbrev  0x00000000      0x1af HCTL2032.o
 .debug_abbrev  0x000001af      0x276 Sketch.o
 .debug_abbrev  0x00000425      0x432 c:\users\adgzlanl\Documents\Atmel Studio\7.0\HCTL2032\HCTL2032\ArduinoCore\Debug\libArduinoCore.a(HardwareSerial.o)
 .debug_abbrev  0x00000857      0x37c c:\users\adgzlanl\Documents\Atmel Studio\7.0\HCTL2032\HCTL2032\ArduinoCore\Debug\libArduinoCore.a(HardwareSerial0.o)
 .debug_abbrev  0x00000bd3      0x102 c:\users\adgzlanl\Documents\Atmel Studio\7.0\HCTL2032\HCTL2032\ArduinoCore\Debug\libArduinoCore.a(main.o)
 .debug_abbrev  0x00000cd5      0x44e c:\users\adgzlanl\Documents\Atmel Studio\7.0\HCTL2032\HCTL2032\ArduinoCore\Debug\libArduinoCore.a(Print.o)
 .debug_abbrev  0x00001123      0x145 c:\users\adgzlanl\Documents\Atmel Studio\7.0\HCTL2032\HCTL2032\ArduinoCore\Debug\libArduinoCore.a(wiring.o)
 .debug_abbrev  0x00001268      0x15a c:\users\adgzlanl\Documents\Atmel Studio\7.0\HCTL2032\HCTL2032\ArduinoCore\Debug\libArduinoCore.a(wiring_digital.o)

.debug_line     0x00000000     0x18d0
 *(.debug_line .debug_line.* .debug_line_end)
 .debug_line    0x00000000      0x2e0 HCTL2032.o
 .debug_line    0x000002e0      0x21a Sketch.o
 .debug_line    0x000004fa      0x489 c:\users\adgzlanl\Documents\Atmel Studio\7.0\HCTL2032\HCTL2032\ArduinoCore\Debug\libArduinoCore.a(HardwareSerial.o)
 .debug_line    0x00000983      0x253 c:\users\adgzlanl\Documents\Atmel Studio\7.0\HCTL2032\HCTL2032\ArduinoCore\Debug\libArduinoCore.a(HardwareSerial0.o)
 .debug_line    0x00000bd6      0x171 c:\users\adgzlanl\Documents\Atmel Studio\7.0\HCTL2032\HCTL2032\ArduinoCore\Debug\libArduinoCore.a(main.o)
 .debug_line    0x00000d47      0x63a c:\users\adgzlanl\Documents\Atmel Studio\7.0\HCTL2032\HCTL2032\ArduinoCore\Debug\libArduinoCore.a(Print.o)
 .debug_line    0x00001381      0x2cb c:\users\adgzlanl\Documents\Atmel Studio\7.0\HCTL2032\HCTL2032\ArduinoCore\Debug\libArduinoCore.a(wiring.o)
 .debug_line    0x0000164c      0x284 c:\users\adgzlanl\Documents\Atmel Studio\7.0\HCTL2032\HCTL2032\ArduinoCore\Debug\libArduinoCore.a(wiring_digital.o)

.debug_frame    0x00000000      0x820
 *(.debug_frame)
 .debug_frame   0x00000000       0xb4 HCTL2032.o
 .debug_frame   0x000000b4       0x6c Sketch.o
 .debug_frame   0x00000120      0x110 c:\users\adgzlanl\Documents\Atmel Studio\7.0\HCTL2032\HCTL2032\ArduinoCore\Debug\libArduinoCore.a(HardwareSerial.o)
 .debug_frame   0x00000230       0xc0 c:\users\adgzlanl\Documents\Atmel Studio\7.0\HCTL2032\HCTL2032\ArduinoCore\Debug\libArduinoCore.a(HardwareSerial0.o)
 .debug_frame   0x000002f0       0x54 c:\users\adgzlanl\Documents\Atmel Studio\7.0\HCTL2032\HCTL2032\ArduinoCore\Debug\libArduinoCore.a(main.o)
 .debug_frame   0x00000344      0x39c c:\users\adgzlanl\Documents\Atmel Studio\7.0\HCTL2032\HCTL2032\ArduinoCore\Debug\libArduinoCore.a(Print.o)
 .debug_frame   0x000006e0       0xc4 c:\users\adgzlanl\Documents\Atmel Studio\7.0\HCTL2032\HCTL2032\ArduinoCore\Debug\libArduinoCore.a(wiring.o)
 .debug_frame   0x000007a4       0x7c c:\users\adgzlanl\Documents\Atmel Studio\7.0\HCTL2032\HCTL2032\ArduinoCore\Debug\libArduinoCore.a(wiring_digital.o)

.debug_str      0x00000000     0x1c04
 *(.debug_str)
 .debug_str     0x00000000      0x437 HCTL2032.o
                                0x483 (size before relaxing)
 .debug_str     0x00000437      0x154 Sketch.o
                                0x586 (size before relaxing)
 .debug_str     0x0000058b     0x1077 c:\users\adgzlanl\Documents\Atmel Studio\7.0\HCTL2032\HCTL2032\ArduinoCore\Debug\libArduinoCore.a(HardwareSerial.o)
                               0x131c (size before relaxing)
 .debug_str     0x00001602       0x47 c:\users\adgzlanl\Documents\Atmel Studio\7.0\HCTL2032\HCTL2032\ArduinoCore\Debug\libArduinoCore.a(HardwareSerial0.o)
                               0x103e (size before relaxing)
 .debug_str     0x00001649       0x43 c:\users\adgzlanl\Documents\Atmel Studio\7.0\HCTL2032\HCTL2032\ArduinoCore\Debug\libArduinoCore.a(main.o)
                                0x297 (size before relaxing)
 .debug_str     0x0000168c      0x372 c:\users\adgzlanl\Documents\Atmel Studio\7.0\HCTL2032\HCTL2032\ArduinoCore\Debug\libArduinoCore.a(Print.o)
                                0xeb7 (size before relaxing)
 .debug_str     0x000019fe      0x14b c:\users\adgzlanl\Documents\Atmel Studio\7.0\HCTL2032\HCTL2032\ArduinoCore\Debug\libArduinoCore.a(wiring.o)
                                0x241 (size before relaxing)
 .debug_str     0x00001b49       0xbb c:\users\adgzlanl\Documents\Atmel Studio\7.0\HCTL2032\HCTL2032\ArduinoCore\Debug\libArduinoCore.a(wiring_digital.o)
                                0x2a6 (size before relaxing)

.debug_loc      0x00000000     0x3041
 *(.debug_loc)
 .debug_loc     0x00000000      0x2e0 HCTL2032.o
 .debug_loc     0x000002e0       0xb9 Sketch.o
 .debug_loc     0x00000399      0x497 c:\users\adgzlanl\Documents\Atmel Studio\7.0\HCTL2032\HCTL2032\ArduinoCore\Debug\libArduinoCore.a(HardwareSerial.o)
 .debug_loc     0x00000830      0x161 c:\users\adgzlanl\Documents\Atmel Studio\7.0\HCTL2032\HCTL2032\ArduinoCore\Debug\libArduinoCore.a(HardwareSerial0.o)
 .debug_loc     0x00000991     0x1ef5 c:\users\adgzlanl\Documents\Atmel Studio\7.0\HCTL2032\HCTL2032\ArduinoCore\Debug\libArduinoCore.a(Print.o)
 .debug_loc     0x00002886      0x269 c:\users\adgzlanl\Documents\Atmel Studio\7.0\HCTL2032\HCTL2032\ArduinoCore\Debug\libArduinoCore.a(wiring.o)
 .debug_loc     0x00002aef      0x552 c:\users\adgzlanl\Documents\Atmel Studio\7.0\HCTL2032\HCTL2032\ArduinoCore\Debug\libArduinoCore.a(wiring_digital.o)

.debug_macinfo
 *(.debug_macinfo)

.debug_weaknames
 *(.debug_weaknames)

.debug_funcnames
 *(.debug_funcnames)

.debug_typenames
 *(.debug_typenames)

.debug_varnames
 *(.debug_varnames)

.debug_pubtypes
 *(.debug_pubtypes)

.debug_ranges   0x00000000      0x2a8
 *(.debug_ranges)
 .debug_ranges  0x00000000       0x28 HCTL2032.o
 .debug_ranges  0x00000028       0x38 Sketch.o
 .debug_ranges  0x00000060       0x70 c:\users\adgzlanl\Documents\Atmel Studio\7.0\HCTL2032\HCTL2032\ArduinoCore\Debug\libArduinoCore.a(HardwareSerial.o)
 .debug_ranges  0x000000d0       0x28 c:\users\adgzlanl\Documents\Atmel Studio\7.0\HCTL2032\HCTL2032\ArduinoCore\Debug\libArduinoCore.a(HardwareSerial0.o)
 .debug_ranges  0x000000f8       0x28 c:\users\adgzlanl\Documents\Atmel Studio\7.0\HCTL2032\HCTL2032\ArduinoCore\Debug\libArduinoCore.a(main.o)
 .debug_ranges  0x00000120      0x128 c:\users\adgzlanl\Documents\Atmel Studio\7.0\HCTL2032\HCTL2032\ArduinoCore\Debug\libArduinoCore.a(Print.o)
 .debug_ranges  0x00000248       0x38 c:\users\adgzlanl\Documents\Atmel Studio\7.0\HCTL2032\HCTL2032\ArduinoCore\Debug\libArduinoCore.a(wiring.o)
 .debug_ranges  0x00000280       0x28 c:\users\adgzlanl\Documents\Atmel Studio\7.0\HCTL2032\HCTL2032\ArduinoCore\Debug\libArduinoCore.a(wiring_digital.o)

.debug_macro
 *(.debug_macro)
OUTPUT(hctl2032.elf elf32-avr)
LOAD linker stubs
